TRACE 0 0 1 00000 000 0
TRACE 1 0 1 00000 000 0
TRACE 2 0 1 01438 000 0
TRACE 3 0 1 01780 437 1
TRACE 4 0 1 01783 437 0
TRACE 5 0 1 08bb7 43b 1
TRACE 6 0 1 09437 43b 0
TRACE 7 0 1 11437 bb8 1
TRACE 8 0 1 1177f bb8 0
TRACE 9 0 1 0877f 77e 1
TRACE 10 0 1 08782 77e 0
TRACE 11 0 1 10fff 782 1
TRACE 12 0 1 11436 782 0
TRACE 13 0 1 01439 000 1
TRACE 14 0 1 08439 000 0
TRACE 15 0 1 08781 ffe 1
TRACE 16 0 1 10bb5 ffe 0
TRACE 17 0 1 10bb8 fff 1
TRACE 18 0 1 01439 fff 0
TRACE 19 0 1 01781 438 1
TRACE 20 0 1 01784 438 0
TRACE 21 0 1 08bb8 43c 1
TRACE 22 0 1 09438 43c 0
TRACE 23 0 1 11438 bb9 1
TRACE 24 0 1 11780 bb9 0
TRACE 25 0 1 08780 77f 1
TRACE 26 0 1 08783 77f 0
TRACE 27 0 1 11000 783 1
TRACE 28 0 1 11437 783 0
TRACE 29 0 1 0143a 001 1
TRACE 30 0 1 0843a 001 0
TRACE 31 0 1 08782 fff 1
TRACE 32 0 1 10bb6 fff 0
TRACE 33 0 1 10bb9 000 1
TRACE 34 0 1 0143a 000 0
TRACE 35 0 1 01782 439 1
TRACE 36 0 1 01785 439 0
TRACE 37 0 1 08bb9 43d 1
TRACE 38 0 1 09439 43d 0
TRACE 39 0 1 11439 bba 1
TRACE 40 0 1 11781 bba 0
TRACE 41 0 1 08781 780 1
TRACE 42 0 1 08784 780 0
TRACE 43 0 1 11001 784 1
TRACE 44 0 1 11438 784 0
TRACE 45 0 1 0143b 002 1
TRACE 46 0 1 0843b 002 0
TRACE 47 0 1 08783 000 1
TRACE 48 0 1 10bb7 000 0
TRACE 49 0 1 10bba 001 1
TRACE 50 0 1 0186f 001 0
TRACE 51 0 1 01bb7 86e 1
TRACE 52 0 1 01bba 86e 0
TRACE 53 0 1 08fee 872 1
TRACE 54 0 1 0986e 872 0
TRACE 55 0 1 1186e fef 1
TRACE 56 0 1 11bb6 fef 0
TRACE 57 0 1 08bb6 bb5 1
TRACE 58 0 1 08bb9 bb5 0
TRACE 59 0 1 11436 bb9 1
TRACE 60 0 1 1186d bb9 0
TRACE 61 0 1 01870 437 1
TRACE 62 0 1 08870 437 0
TRACE 63 0 1 08bb8 435 1
TRACE 64 0 1 10fec 435 0
TRACE 65 0 1 10fef 436 1
TRACE 66 0 1 01870 436 0
TRACE 67 0 1 01bb8 86f 1
TRACE 68 0 1 01bbb 86f 0
TRACE 69 0 1 08fef 873 1
TRACE 70 0 1 0986f 873 0
TRACE 71 0 1 1186f ff0 1
TRACE 72 0 1 11bb7 ff0 0
TRACE 73 0 1 08bb7 bb6 1
TRACE 74 0 1 08bba bb6 0
TRACE 75 0 1 11437 bba 1
TRACE 76 0 1 1186e bba 0
TRACE 77 0 1 01871 438 1
TRACE 78 0 1 08871 438 0
TRACE 79 0 1 08bb9 436 1
TRACE 80 0 1 10fed 436 0
TRACE 81 0 1 10ff0 437 1
TRACE 82 0 1 01871 437 0
TRACE 83 0 1 01bb9 870 1
TRACE 84 0 1 01bbc 870 0
TRACE 85 0 1 08ff0 874 1
TRACE 86 0 1 09870 874 0
TRACE 87 0 1 11870 ff1 1
TRACE 88 0 1 11bb8 ff1 0
TRACE 89 0 1 08bb8 bb7 1
TRACE 90 0 1 08bbb bb7 0
TRACE 91 0 1 11438 bbb 1
TRACE 92 0 1 1186f bbb 0
TRACE 93 0 1 01872 439 1
TRACE 94 0 1 08872 439 0
TRACE 95 0 1 08bba 437 1
TRACE 96 0 1 10fee 437 0
TRACE 97 0 1 10ff1 438 1
TRACE 98 0 1 01bb7 438 0
TRACE 99 0 1 01eff bb6 1
TRACE 100 0 1 01f02 bb6 0
TRACE 101 0 1 09336 bba 1
TRACE 102 0 1 09bb6 bba 0
TRACE 103 0 1 11bb6 337 1
TRACE 104 0 1 11efe 337 0
TRACE 105 0 1 08efe efd 1
TRACE 106 0 1 08f01 efd 0
TRACE 107 0 1 1177e f01 1
TRACE 108 0 1 11bb5 f01 0
TRACE 109 0 1 01bb8 77f 1
TRACE 110 0 1 08bb8 77f 0
TRACE 111 0 1 08f00 77d 1
TRACE 112 0 1 11334 77d 0
TRACE 113 0 1 11337 77e 1
TRACE 114 0 1 01bb8 77e 0
TRACE 115 0 1 01f00 bb7 1
TRACE 116 0 1 01f03 bb7 0
TRACE 117 0 1 09337 bbb 1
TRACE 118 0 1 09bb7 bbb 0
TRACE 119 0 1 11bb7 338 1
TRACE 120 0 1 11eff 338 0
TRACE 121 0 1 08eff efe 1
TRACE 122 0 1 08f02 efe 0
TRACE 123 0 1 1177f f02 1
TRACE 124 0 1 11bb6 f02 0
TRACE 125 0 1 01bb9 780 1
TRACE 126 0 1 08bb9 780 0
TRACE 127 0 1 08f01 77e 1
TRACE 128 0 1 11335 77e 0
TRACE 129 0 1 11338 77f 1
TRACE 130 0 1 01bb9 77f 0
TRACE 131 0 1 01f01 bb8 1
TRACE 132 0 1 01f04 bb8 0
TRACE 133 0 1 09338 bbc 1
TRACE 134 0 1 09bb8 bbc 0
TRACE 135 0 1 11bb8 339 1
TRACE 136 0 1 11f00 339 0
TRACE 137 0 1 08f00 eff 1
TRACE 138 0 1 08f03 eff 0
TRACE 139 0 1 11780 f03 1
TRACE 140 0 1 11bb7 f03 0
TRACE 141 0 1 01bba 781 1
TRACE 142 0 1 08bba 781 0
TRACE 143 0 1 08f02 77f 1
TRACE 144 0 1 11336 77f 0
TRACE 145 0 1 11339 780 1
TRACE 146 0 1 02437 780 0
TRACE 147 0 1 0277f 436 1
TRACE 148 0 1 02782 436 0
TRACE 149 0 1 09bb6 43a 1
TRACE 150 0 1 0a436 43a 0
TRACE 151 0 1 12436 bb7 1
TRACE 152 0 1 1277e bb7 0
TRACE 153 0 1 0977e 77d 1
TRACE 154 0 1 09781 77d 0
TRACE 155 0 1 11ffe 781 1
TRACE 156 0 1 12435 781 0
TRACE 157 0 1 02438 fff 1
TRACE 158 0 1 09438 fff 0
TRACE 159 0 1 09780 ffd 1
TRACE 160 0 1 11bb4 ffd 0
TRACE 161 0 1 11bb7 ffe 1
TRACE 162 0 1 02438 ffe 0
TRACE 163 0 1 02780 437 1
TRACE 164 0 1 02783 437 0
TRACE 165 0 1 09bb7 43b 1
TRACE 166 0 1 0a437 43b 0
TRACE 167 0 1 12437 bb8 1
TRACE 168 0 1 1277f bb8 0
TRACE 169 0 1 0977f 77e 1
TRACE 170 0 1 09782 77e 0
TRACE 171 0 1 11fff 782 1
TRACE 172 0 1 12436 782 0
TRACE 173 0 1 02439 000 1
TRACE 174 0 1 09439 000 0
TRACE 175 0 1 09781 ffe 1
TRACE 176 0 1 11bb5 ffe 0
TRACE 177 0 1 11bb8 fff 1
TRACE 178 0 1 02439 fff 0
TRACE 179 0 1 02781 438 1
TRACE 180 0 1 02784 438 0
TRACE 181 0 1 09bb8 43c 1
TRACE 182 0 1 0a438 43c 0
TRACE 183 0 1 12438 bb9 1
TRACE 184 0 1 12780 bb9 0
TRACE 185 0 1 09780 77f 1
TRACE 186 0 1 09783 77f 0
TRACE 187 0 1 12000 783 1
TRACE 188 0 1 12437 783 0
TRACE 189 0 1 0243a 001 1
TRACE 190 0 1 0943a 001 0
TRACE 191 0 1 09782 fff 1
TRACE 192 0 1 11bb6 fff 0
TRACE 193 0 1 11bb9 000 1
TRACE 194 0 1 09437 000 0
TRACE 195 0 1 0977f 436 1
TRACE 196 0 1 09782 436 0
TRACE 197 0 1 10bb6 43a 1
TRACE 198 0 1 11436 43a 0
TRACE 199 0 1 19436 bb7 1
TRACE 200 0 1 1977e bb7 0
TRACE 201 0 1 1077e 77d 1
TRACE 202 0 1 10781 77d 0
TRACE 203 0 1 18ffe 781 1
TRACE 204 0 1 19435 781 0
TRACE 205 0 1 09438 fff 1
TRACE 206 0 1 10438 fff 0
TRACE 207 0 1 10780 ffd 1
TRACE 208 0 1 18bb4 ffd 0
TRACE 209 0 1 18bb7 ffe 1
TRACE 210 0 1 09438 ffe 0
TRACE 211 0 1 09780 437 1
TRACE 212 0 1 09783 437 0
TRACE 213 0 1 10bb7 43b 1
TRACE 214 0 1 11437 43b 0
TRACE 215 0 1 19437 bb8 1
TRACE 216 0 1 1977f bb8 0
TRACE 217 0 1 1077f 77e 1
TRACE 218 0 1 10782 77e 0
TRACE 219 0 1 18fff 782 1
TRACE 220 0 1 19436 782 0
TRACE 221 0 1 09439 000 1
TRACE 222 0 1 10439 000 0
TRACE 223 0 1 10781 ffe 1
TRACE 224 0 1 18bb5 ffe 0
TRACE 225 0 1 18bb8 fff 1
TRACE 226 0 1 11436 fff 0
TRACE 227 0 1 1177e 435 1
TRACE 228 0 1 11781 435 0
TRACE 229 0 1 18bb5 439 1
TRACE 230 0 1 19435 439 0
TRACE 231 0 1 21435 bb6 1
TRACE 232 0 1 2177d bb6 0
TRACE 233 0 1 1877d 77c 1
TRACE 234 0 1 18780 77c 0
TRACE 235 0 1 20ffd 780 1
TRACE 236 0 1 21434 780 0
TRACE 237 0 1 11437 ffe 1
TRACE 238 0 1 18437 ffe 0
TRACE 239 0 1 1877f ffc 1
TRACE 240 0 1 20bb3 ffc 0
TRACE 241 0 1 20bb6 ffd 1
TRACE 242 0 1 11437 ffd 0
TRACE 243 0 1 1177f 436 1
TRACE 244 0 1 11782 436 0
TRACE 245 0 1 18bb6 43a 1
TRACE 246 0 1 19436 43a 0
TRACE 247 0 1 21436 bb7 1
TRACE 248 0 1 2177e bb7 0
TRACE 249 0 1 1877e 77d 1
TRACE 250 0 1 18781 77d 0
TRACE 251 0 1 20ffe 781 1
TRACE 252 0 1 21435 781 0
TRACE 253 0 1 11438 fff 1
TRACE 254 0 1 18438 fff 0
TRACE 255 0 1 18780 ffd 1
TRACE 256 0 1 20bb4 ffd 0
TRACE 257 0 1 20bb7 ffe 1
TRACE 258 0 1 00fff 000 1
TRACE 259 0 1 01000 000 1
TRACE 260 0 1 01001 000 1
TRACE 261 0 1 00fff 000 1
TRACE 262 1 1 01000 001 1
TRACE 263 0 1 01001 001 1
TRACE 264 1 1 00fff 001 1
TRACE 265 1 1 01000 001 1
TRACE 266 0 1 01001 002 1
TRACE 267 0 1 00fff 002 1
TRACE 268 0 1 01000 002 1
TRACE 269 0 1 01001 002 1
TRACE 270 0 1 10fff 437 1
TRACE 271 0 1 11000 437 1
TRACE 272 0 1 11001 437 1
TRACE 273 0 1 10fff 437 1
TRACE 274 0 1 01000 438 1
TRACE 275 0 1 01001 438 1
TRACE 276 1 1 00fff 438 1
TRACE 277 1 1 01000 438 1
TRACE 278 0 1 01001 439 1
TRACE 279 0 1 00fff 439 1
TRACE 280 0 1 01000 439 1
TRACE 281 0 1 01001 439 1
TRACE 282 0 1 00fff 77f 1
TRACE 283 0 1 01000 77f 1
TRACE 284 0 1 01001 77f 1
TRACE 285 0 1 10fff 77f 1
TRACE 286 0 1 11000 780 1
TRACE 287 0 1 11001 780 1
TRACE 288 0 1 10fff 780 1
TRACE 289 0 1 11000 780 1
TRACE 290 0 1 01001 781 1
TRACE 291 0 1 00fff 781 1
TRACE 292 0 1 01000 781 1
TRACE 293 0 1 01001 781 1
TRACE 294 0 1 00fff fff 1
TRACE 295 0 1 01000 fff 1
TRACE 296 0 1 01001 fff 1
TRACE 297 0 1 00fff fff 1
TRACE 298 0 1 01000 000 1
TRACE 299 0 1 01001 000 1
TRACE 300 0 1 10fff 000 1
TRACE 301 0 1 11000 000 1
TRACE 302 0 1 11001 001 1
TRACE 303 0 1 10fff 001 1
TRACE 304 0 1 11000 001 1
TRACE 305 0 1 11001 001 1
TRACE 306 0 1 00fff fff 1
TRACE 307 0 1 01000 fff 1
TRACE 308 0 1 01001 fff 1
TRACE 309 0 1 00fff fff 1
TRACE 310 0 1 01000 000 1
TRACE 311 0 1 01001 000 1
TRACE 312 0 1 00fff 000 1
TRACE 313 0 1 01000 000 1
TRACE 314 0 1 01001 ffe 1
TRACE 315 0 1 00fff ffe 1
TRACE 316 0 1 01000 ffe 1
TRACE 317 0 1 01001 ffe 1
TRACE 318 0 1 10fff fff 1
TRACE 319 0 1 11000 fff 1
TRACE 320 0 1 11001 fff 1
TRACE 321 0 1 10fff fff 1
TRACE 322 0 0 1afb3 66a 0
TRACE 323 0 0 1c4ec 6fa 0
TRACE 324 0 0 1f0f7 451 1
TRACE 325 0 0 2054d 451 1
TRACE 326 0 0 2adb7 451 1
TRACE 327 0 0 2c154 451 1
TRACE 328 0 0 12b25 c18 1
TRACE 329 0 0 19758 3c5 0
TRACE 330 0 0 111e6 3c5 1
TRACE 331 0 0 237ce 3c5 1
TRACE 332 0 0 1c0e8 896 0
TRACE 333 0 0 1e932 896 0
TRACE 334 0 0 0f591 896 1
TRACE 335 0 0 0fd58 896 1
TRACE 336 0 0 23753 65e 1
TRACE 337 0 0 24e2b fd3 1
TRACE 338 0 0 266c3 e00 1
TRACE 339 0 0 0d4ec fe6 1
TRACE 340 0 0 322cb eb2 1
TRACE 341 0 0 110f7 42a 1
TRACE 342 0 0 273e7 42a 1
TRACE 343 0 0 198da 42a 0
TRACE 344 0 0 217e7 42a 1
TRACE 345 0 0 2861e 42a 1
TRACE 346 0 0 22b27 42a 0
TRACE 347 0 0 21476 42a 1
TRACE 348 0 0 29ce0 42a 1
TRACE 349 0 0 0fc54 9f3 0
TRACE 350 0 0 2a7b5 9f3 0
TRACE 351 0 0 31bbd 9f3 0
TRACE 352 0 0 24aa5 9f3 0
TRACE 353 0 0 1c949 9f3 0
TRACE 354 0 0 2e8f3 9f3 1
TRACE 355 0 0 27883 6ad 1
TRACE 356 0 0 1acbf eff 0
TRACE 357 0 0 22faa 3a9 1
TRACE 358 0 0 209d1 b2a 0
TRACE 359 0 0 200da 158 1
TRACE 360 0 0 14f14 158 0
TRACE 361 0 0 288ce 379 1
TRACE 362 0 0 21a51 379 1
TRACE 363 0 0 28247 379 1
TRACE 364 0 0 1ccc2 759 0
TRACE 365 0 0 228dc 3d2 0
TRACE 366 0 0 2256d 7c5 0
TRACE 367 0 0 1c970 7c5 1
TRACE 368 0 0 1ad1a 7c5 1
TRACE 369 0 0 153e5 a6f 1
TRACE 370 0 0 23d77 453 0
TRACE 371 0 0 2abcb 331 0
TRACE 372 0 0 281e4 06a 1
TRACE 373 0 0 25ca2 1f5 0
TRACE 374 0 0 17314 1f5 1
TRACE 375 0 0 1f71c 9f1 0
TRACE 376 0 0 1dc19 9f1 1
TRACE 377 0 0 29974 97a 0
TRACE 378 0 0 1d2eb 97a 1
TRACE 379 0 0 37a1c 046 1
TRACE 380 0 0 14c1e 046 1
TRACE 381 0 0 25a53 046 1
TRACE 382 0 0 27637 046 1
TRACE 383 0 0 20a46 88a 0
TRACE 384 0 0 360a4 858 1
TRACE 385 0 0 2ea24 858 1
TRACE 386 0 0 1644b 858 0
TRACE 387 0 0 16e03 79b 1
TRACE 388 0 0 2a95e 79b 0
TRACE 389 0 0 19a4a 79b 0
TRACE 390 0 0 1ad30 79b 1
TRACE 391 0 0 17d26 870 0
TRACE 392 0 0 2b696 870 0
TRACE 393 0 0 2baf0 870 0
TRACE 394 0 0 2618a fce 1
TRACE 395 0 0 20334 e07 0
TRACE 396 0 0 216d8 e07 1
TRACE 397 0 0 19ead 120 1
TRACE 398 0 0 197c0 b5a 0
TRACE 399 0 0 1d91d fd3 1
TRACE 400 0 0 25fb8 fd3 1
TRACE 401 0 0 1943c fd3 0
TRACE 402 0 0 256b9 b17 0
TRACE 403 0 0 1c207 b7b 1
TRACE 404 0 0 21cf2 b7b 1
TRACE 405 0 0 2eac6 32e 0
TRACE 406 0 0 1b416 711 0
TRACE 407 0 0 292c5 b39 1
TRACE 408 0 0 1e0e8 b39 1
TRACE 409 0 0 1ef70 3c0 0
TRACE 410 0 0 1be48 ed8 1
TRACE 411 0 0 221ac c97 0
TRACE 412 0 0 235ac c97 0
TRACE 413 0 0 1f2d4 c97 0
TRACE 414 0 0 18859 bdf 1
TRACE 415 0 0 23650 bdf 1
TRACE 416 0 0 2b1bc daf 0
TRACE 417 0 0 24af9 daf 0
TRACE 418 0 0 21bd0 daf 1
TRACE 419 0 0 2a4da daf 0
TRACE 420 0 0 0e77b daf 1
TRACE 421 0 0 24866 daf 0
TRACE 422 0 0 28c9f 857 0
TRACE 423 0 0 23c87 857 1
TRACE 424 0 0 15aa4 28a 1
TRACE 425 0 0 22ef7 7e4 0
TRACE 426 0 0 1eb4e 437 1
TRACE 427 0 0 1cf08 437 0
TRACE 428 0 0 1a4b6 5c1 1
TRACE 429 0 0 15b24 5c1 1
TRACE 430 0 0 2477f c0d 1
TRACE 431 0 0 2283d c0d 1
TRACE 432 0 0 25594 c0d 0
TRACE 433 0 0 21436 c0d 1
TRACE 434 0 0 2aeef 2c6 0
TRACE 435 0 0 31a1e 2c6 1
TRACE 436 0 0 1fb70 2c6 1
TRACE 437 0 0 1b42e 2c6 0
TRACE 438 0 0 2350b c0c 1
TRACE 439 0 0 2763d c0c 0
TRACE 440 0 0 2231e c0c 0
TRACE 441 0 0 17dda 02e 0
TRACE 442 0 0 1e94d 9ab 1
TRACE 443 0 0 208ab 66b 1
TRACE 444 0 0 165e8 b0f 0
TRACE 445 0 0 0cde8 86b 1
TRACE 446 0 0 1d65b 478 1
TRACE 447 0 0 2a5c3 e8f 0
TRACE 448 0 0 24a1e 801 1
TRACE 449 0 0 1ed60 801 1
TRACE 450 0 0 11239 801 0
TRACE 451 0 0 31c96 801 0
TRACE 452 0 0 25f61 c82 0
TRACE 453 0 0 23052 918 0
TRACE 454 0 0 1ad89 74c 0
TRACE 455 0 0 33d74 74c 1
TRACE 456 0 0 13fdd 03b 0
TRACE 457 0 0 0df3f 03b 1
TRACE 458 0 0 2b1ff 03b 0
TRACE 459 0 0 1d459 5fe 1
TRACE 460 0 0 1738f 5fe 1
TRACE 461 0 0 153df 5fe 0
TRACE 462 0 0 2383d 232 0
TRACE 463 0 0 1b4c6 6e6 0
TRACE 464 0 0 288b1 b53 0
TRACE 465 0 0 1d5f6 a19 1
TRACE 466 0 0 24721 a19 0
TRACE 467 0 0 1aeaa a19 1
TRACE 468 0 0 11676 a35 0
TRACE 469 0 0 1bebe a35 1
TRACE 470 0 0 2f4ac a35 0
TRACE 471 0 0 29401 ad9 0
TRACE 472 0 0 1ab27 5b4 0
TRACE 473 0 0 1539f 5b4 1
TRACE 474 0 0 252a7 5b4 0
TRACE 475 0 0 130bb 5b4 1
TRACE 476 0 0 1d0d2 5b4 0
TRACE 477 0 0 1eaba 5b4 0
TRACE 478 0 0 1691f 5b4 0
TRACE 479 0 0 154a9 391 1
TRACE 480 0 0 21d9f 391 1
TRACE 481 0 0 1ce08 655 0
TRACE 482 0 0 24cdd 9b6 1
TRACE 483 0 0 1cee4 527 0
TRACE 484 0 0 21ef5 5c1 0
TRACE 485 0 0 25989 31a 1
TRACE 486 0 0 20ff6 31a 0
TRACE 487 0 0 27a78 66c 0
TRACE 488 0 0 2607a e10 1
TRACE 489 0 0 0d544 e10 0
TRACE 490 0 0 2bc96 42c 1
TRACE 491 0 0 217dc 581 1
TRACE 492 0 0 17c31 05a 1
TRACE 493 0 0 18f9f 05a 1
TRACE 494 0 0 26629 05a 0
TRACE 495 0 0 184d2 05a 1
TRACE 496 0 0 1feb5 05a 0
TRACE 497 0 0 0d8bc 05a 1
TRACE 498 0 0 320f3 b66 0
TRACE 499 0 0 3866d 0bb 0
TRACE 500 0 0 176bb a3e 0
TRACE 501 0 0 10781 a3e 0
TRACE 502 0 0 1f650 005 0
TRACE 503 0 0 2eeb3 d41 0
TRACE 504 0 0 27110 d41 1
TRACE 505 0 0 264cb d41 1
TRACE 506 0 0 1f7a5 cef 1
TRACE 507 0 0 295a5 de6 0
TRACE 508 0 0 27c0b 6dc 1
TRACE 509 0 0 3419f 116 1
TRACE 510 0 0 23829 daf 1
TRACE 511 0 0 2412b 9b7 0
TRACE 512 0 0 12db6 9b7 0
TRACE 513 0 0 2f2c7 9b7 1
TRACE 514 0 0 2c1b2 9b7 1
TRACE 515 0 0 1c991 9b7 1
TRACE 516 0 0 11bc2 3cd 1
TRACE 517 0 0 1c4a1 b23 0
TRACE 518 0 0 1b092 55a 0
TRACE 519 0 0 0f849 dbf 0
TRACE 520 0 0 1c85b dbf 0
TRACE 521 0 0 205a1 dbf 1
TRACE 522 0 0 200b6 dbf 1
TRACE 523 0 0 2a268 dbf 0
TRACE 524 0 0 1cb11 289 1
TRACE 525 0 0 20840 289 1
TRACE 526 0 0 1d818 289 0
TRACE 527 0 0 1949b fd0 0
TRACE 528 0 0 1b2e3 b9a 1
TRACE 529 0 0 21aef 8b6 0
TRACE 530 0 0 236ae 1ee 0
TRACE 531 0 0 29c41 1ee 1
TRACE 532 0 0 11298 1ee 1
TRACE 533 0 0 1949a 1ee 1
TRACE 534 0 0 235f6 1ee 1
TRACE 535 0 0 19116 e44 0
TRACE 536 0 0 27286 01b 1
TRACE 537 0 0 1b486 01b 0
TRACE 538 0 0 1e235 01b 0
TRACE 539 0 0 13b4e ab5 1
TRACE 540 0 0 268d3 bc1 1
TRACE 541 0 0 1e000 369 1
TRACE 542 0 0 24798 a1a 1
TRACE 543 0 0 27190 a1a 0
TRACE 544 0 0 18773 3f8 1
TRACE 545 0 0 1568e f30 1
TRACE 546 0 0 1794d f30 0
TRACE 547 0 0 2028a 09d 0
TRACE 548 0 0 254ee daa 1
TRACE 549 0 0 26d50 daa 0
TRACE 550 0 0 190a7 485 1
TRACE 551 0 0 2b7b6 236 0
TRACE 552 0 0 16cf9 236 1
TRACE 553 0 0 27a11 e88 0
TRACE 554 0 0 28c9b ac6 0
TRACE 555 0 0 366ee ac6 0
TRACE 556 0 0 25839 082 0
TRACE 557 0 0 1c0c6 082 0
TRACE 558 0 0 2857b 082 0
TRACE 559 0 0 1de79 e9f 0
TRACE 560 0 0 1aa1f d1d 0
TRACE 561 0 0 1a011 d1d 0
TRACE 562 0 0 29137 88e 0
TRACE 563 0 0 2f123 f61 0
TRACE 564 0 0 1ec06 11a 1
TRACE 565 0 0 25954 11a 1
TRACE 566 0 0 1b836 11a 0
TRACE 567 0 0 16e09 d2e 1
TRACE 568 0 0 2b4d4 d2e 0
TRACE 569 0 0 14b21 596 0
TRACE 570 0 0 106e7 596 0
TRACE 571 0 0 221ba 596 1
TRACE 572 0 0 19409 596 0
TRACE 573 0 0 2b871 596 0
TRACE 574 0 0 19634 5a5 0
TRACE 575 0 0 2e045 24a 0
TRACE 576 0 0 2178f 6bb 0
TRACE 577 0 0 1f773 fcc 0
TRACE 578 0 0 274e4 fcc 1
TRACE 579 0 0 175df 0f3 0
TRACE 580 0 0 1d343 0f3 1
TRACE 581 0 0 15c6e 0f3 1
TRACE 582 0 0 2ae1f 636 1
TRACE 583 0 0 1b5b1 636 1
TRACE 584 0 0 24f71 636 0
TRACE 585 0 0 12d6e 636 1
TRACE 586 0 0 15524 636 0
TRACE 587 0 0 16c88 f50 0
TRACE 588 0 0 2235f f50 0
TRACE 589 0 0 1bf4e f50 1
TRACE 590 0 0 17665 11b 0
TRACE 591 0 0 26ee7 c7c 1
TRACE 592 0 0 2dced dc8 1
TRACE 593 0 0 262c4 409 1
TRACE 594 0 0 12a14 409 0
TRACE 595 0 0 18c33 409 0
TRACE 596 0 0 20a9d 409 1
TRACE 597 0 0 36614 211 0
TRACE 598 0 0 17849 211 1
TRACE 599 0 0 18c8f 211 0
TRACE 600 0 0 13ae7 96d 0
TRACE 601 0 0 21c01 96d 1
TRACE 602 0 0 272e7 96d 0
TRACE 603 0 0 24910 0e4 1
TRACE 604 0 0 10230 0e4 0
TRACE 605 0 0 1d69e 0e4 0
TRACE 606 0 0 2295a 0e4 1
TRACE 607 0 0 18dd1 0e4 0
TRACE 608 0 0 0ec5a 0e4 1
TRACE 609 0 0 1daa6 a60 1
TRACE 610 0 0 1aa50 d62 1
TRACE 611 0 0 22fb8 d62 1
TRACE 612 0 0 28f29 d62 1
TRACE 613 0 0 283f3 019 1
TRACE 614 0 0 20d85 019 0
TRACE 615 0 0 1f549 019 1
TRACE 616 0 0 27481 cfc 1
TRACE 617 0 0 21fb5 cfc 1
TRACE 618 0 0 25dce cd1 1
TRACE 619 0 0 1b469 4a4 1
TRACE 620 0 0 133ce 4a4 1
TRACE 621 0 0 1f916 600 0
TRACE 622 0 0 2a987 4a6 0
TRACE 623 0 0 23e7c 96a 1
TRACE 624 0 0 25372 c24 1
TRACE 625 0 0 164cd c24 0
TRACE 626 0 0 2016c c24 1
TRACE 627 0 0 160ab ce1 1
TRACE 628 0 0 26593 502 0
TRACE 629 0 0 1b263 502 0
TRACE 630 0 0 1760a a32 1
TRACE 631 0 0 1ebc8 a32 1
TRACE 632 0 0 2014b a32 1
TRACE 633 0 0 131b6 a32 1
TRACE 634 0 0 21c03 581 1
TRACE 635 0 0 2af91 bdd 0
TRACE 636 0 0 1b166 bdd 1
TRACE 637 0 0 32d5a bdd 1
TRACE 638 0 0 1f70e c0c 0
TRACE 639 0 0 37cde c0c 0
TRACE 640 0 0 201ca c0c 0
TRACE 641 0 0 2007c ac4 0
TRACE 642 0 0 22605 ba6 0
TRACE 643 0 0 22466 caf 0
TRACE 644 0 0 28ca5 e17 1
TRACE 645 0 0 1f0f5 e17 1
TRACE 646 0 0 1ae00 e17 1
TRACE 647 0 0 271b3 f72 0
TRACE 648 0 0 1da83 f72 0
TRACE 649 0 0 25202 f72 0
TRACE 650 0 0 1a6b9 f32 0
TRACE 651 0 0 23be6 3ac 1
TRACE 652 0 0 27e7b 3ac 0
TRACE 653 0 0 37280 3ac 1
TRACE 654 0 0 11836 852 1
TRACE 655 0 0 149f3 750 1
TRACE 656 0 0 20572 750 1
TRACE 657 0 0 1ab0e 750 0
TRACE 658 0 0 21a05 8d9 1
TRACE 659 0 0 279eb 760 1
TRACE 660 0 0 103c2 760 1
TRACE 661 0 0 23ae7 760 0
TRACE 662 0 0 2b5f6 356 0
TRACE 663 0 0 188f6 356 1
TRACE 664 0 0 2042b 063 1
TRACE 665 0 0 181e9 063 0
TRACE 666 0 0 300ab 063 0
TRACE 667 0 0 155a6 429 1
TRACE 668 0 0 19f6c 925 0
TRACE 669 0 0 1c691 925 0
TRACE 670 0 0 209f3 af4 0
TRACE 671 0 0 1ac36 af4 0
TRACE 672 0 0 25975 af4 1
TRACE 673 0 0 2606a 9f4 0
TRACE 674 0 0 1db1a 9f4 0
TRACE 675 0 0 25a57 c71 1
TRACE 676 0 0 1c964 712 0
TRACE 677 0 0 09bab 712 1
TRACE 678 0 0 28f5f 5b0 1
TRACE 679 0 0 2303e 5b0 0
TRACE 680 0 0 27d76 5b0 1
TRACE 681 0 0 1c48e 5b0 0
TRACE 682 0 0 130a2 5b0 0
TRACE 683 0 0 30274 982 1
TRACE 684 0 0 209f3 b78 0
TRACE 685 0 0 32b07 b78 0
TRACE 686 0 0 1ca61 aad 0
TRACE 687 0 0 09a24 aad 1
TRACE 688 0 0 1f653 aad 1
TRACE 689 0 0 2278b 409 1
TRACE 690 0 0 17142 409 1
TRACE 691 0 0 1c96e b05 0
TRACE 692 0 0 1dda2 ce2 0
TRACE 693 0 0 20567 3b2 0
TRACE 694 0 0 23523 a27 0
TRACE 695 0 0 2677a a27 0
TRACE 696 0 0 24955 70e 0
TRACE 697 0 0 11566 eba 0
TRACE 698 0 0 229ec eba 0
TRACE 699 0 0 23bd5 11a 1
TRACE 700 0 0 2c7a2 11a 0
TRACE 701 0 0 1a753 11a 1
TRACE 702 0 0 25b4a 317 1
TRACE 703 0 0 31ac0 952 1
TRACE 704 0 0 1ea8b b51 0
TRACE 705 0 0 20100 816 1
TRACE 706 0 0 1d345 730 1
TRACE 707 0 0 1d015 d0a 0
TRACE 708 0 0 242ac 2b1 0
TRACE 709 0 0 1816f 2b1 1
TRACE 710 0 0 2ae09 2b1 0
TRACE 711 0 0 22e5b 2b1 1
TRACE 712 0 0 262f2 2b1 0
TRACE 713 0 0 178b5 c42 0
TRACE 714 0 0 1f6e8 c42 0
TRACE 715 0 0 207ac caa 0
TRACE 716 0 0 1d468 caa 0
TRACE 717 0 0 12950 caa 0
TRACE 718 0 0 1ba9d e4d 1
TRACE 719 0 0 12809 138 1
TRACE 720 0 0 22f17 138 0
TRACE 721 0 0 2ef68 b06 1
TRACE 722 0 0 10b30 b06 1
TRACE 723 0 0 262d3 b06 1
TRACE 724 0 0 1fb4b f25 1
TRACE 725 0 0 210cb 564 0
TRACE 726 0 0 1f74d 564 0
TRACE 727 0 0 186d4 2f9 0
TRACE 728 0 0 2ca35 2f9 0
TRACE 729 0 0 1ea16 2f9 0
TRACE 730 0 0 19375 2f9 1
TRACE 731 0 0 260c0 d66 0
TRACE 732 0 0 13309 364 1
TRACE 733 0 0 2bdcf d57 1
TRACE 734 0 0 2e8f6 d57 0
TRACE 735 0 0 2cb86 cdf 1
TRACE 736 0 0 2bfe4 6d6 1
TRACE 737 0 0 1e5f4 6d6 1
TRACE 738 0 0 10edc 6d6 0
TRACE 739 0 0 28651 6d6 0
TRACE 740 0 0 10165 6d6 1
TRACE 741 0 0 3aeb5 248 1
TRACE 742 0 0 2110b 4fc 1
TRACE 743 0 0 26b9d 4fc 0
TRACE 744 0 0 18839 27b 1
TRACE 745 0 0 266f4 27b 1
TRACE 746 0 0 2ff87 27b 1
TRACE 747 0 0 14f3e 27b 1
TRACE 748 0 0 1e1a9 585 0
TRACE 749 0 0 16314 585 0
TRACE 750 0 0 1ee1a 1d1 0
TRACE 751 0 0 1f8bd 1d1 1
TRACE 752 0 0 2a461 1d1 0
TRACE 753 0 0 0f0e5 0d7 0
TRACE 754 0 0 1e06f c3b 1
TRACE 755 0 0 137d7 c3b 0
TRACE 756 0 0 25678 02a 0
TRACE 757 0 0 25f19 02a 0
TRACE 758 0 0 1fad0 6b7 1
TRACE 759 0 0 1eaa9 735 1
TRACE 760 0 0 28fd6 735 1
TRACE 761 0 0 0fb08 3fc 0
TRACE 762 0 0 23996 a18 0
TRACE 763 0 0 1cb2e 92e 1
TRACE 764 0 0 1e040 a14 0
TRACE 765 0 0 21756 f93 1
TRACE 766 0 0 1b979 f93 1
TRACE 767 0 0 1b7b3 f93 1
TRACE 768 0 0 2d3f4 daf 0
TRACE 769 0 0 20615 daf 0
TRACE 770 0 0 188d5 daf 0
TRACE 771 0 0 27bd3 daf 1
TRACE 772 0 0 1fc1a daf 0
TRACE 773 0 0 31716 924 1
TRACE 774 0 0 2b00c 3ba 1
TRACE 775 0 0 0efb4 44f 0
TRACE 776 0 0 2ea22 de9 1
TRACE 777 0 0 29ce4 de9 0
TRACE 778 0 0 14b22 de9 1
TRACE 779 0 0 2d301 20e 0
TRACE 780 0 0 22d26 20e 0
TRACE 781 0 0 2dd38 20e 0
TRACE 782 0 0 35cab 5de 1
TRACE 783 0 0 20375 5de 1
TRACE 784 0 0 25a79 fb8 1
TRACE 785 0 0 22f6a 707 1
TRACE 786 0 0 1fa48 707 0
TRACE 787 0 0 35256 707 0
TRACE 788 0 0 1f47d 707 0
TRACE 789 0 0 2e57b 707 0
TRACE 790 0 0 138a3 0fe 0
TRACE 791 0 0 082b6 5c3 0
TRACE 792 0 0 296e6 5c3 0
TRACE 793 0 0 24e64 b2d 0
TRACE 794 0 0 12338 0da 1
TRACE 795 0 0 27205 0da 0
TRACE 796 0 0 2cb88 426 0
TRACE 797 0 0 1b454 426 1
TRACE 798 0 0 1cdf6 604 1
TRACE 799 0 0 2e690 73c 0
TRACE 800 0 0 32acc 73c 0
TRACE 801 0 0 26b5c 73c 1
TRACE 802 0 0 242c7 73c 1
TRACE 803 0 0 2b38e 9e3 0
TRACE 804 0 0 23aee 9e3 1
TRACE 805 0 0 1c34a 206 1
TRACE 806 0 0 18f58 206 0
TRACE 807 0 0 1aa70 ce6 0
TRACE 808 0 0 2912c ce6 1
TRACE 809 0 0 10d40 ce6 1
TRACE 810 0 0 0cef2 ce6 0
TRACE 811 0 0 19aec 456 1
TRACE 812 0 0 1bbf1 456 1
TRACE 813 0 0 199b8 cad 1
TRACE 814 0 0 20ac3 b25 1
TRACE 815 0 0 1558e 9c1 1
TRACE 816 0 0 24b40 136 0
TRACE 817 0 0 1b378 047 0
TRACE 818 0 0 252a1 50b 1
TRACE 819 0 0 1a84e 90a 0
TRACE 820 0 0 2d454 90a 1
TRACE 821 0 0 2b235 43b 1
TRACE 822 0 0 0ba63 a01 0
TRACE 823 0 0 260de a01 1
TRACE 824 0 0 1d9b0 758 0
TRACE 825 0 0 2dd78 758 0
TRACE 826 0 0 149ef 758 1
TRACE 827 0 0 25449 758 0
TRACE 828 0 0 1fac2 758 0
TRACE 829 0 0 18e5d 85e 0
TRACE 830 0 0 21e2c 261 1
TRACE 831 0 0 25784 dec 1
TRACE 832 0 0 2c024 ffa 0
TRACE 833 0 0 30cd9 d72 0
TRACE 834 x x xxxxx xxx z
TRACE 835 x x xxxxx xxx x
TRACE 836 x x xxxxx xxx z
TRACE 837 x x xxxxx xxx x
TRACE 838 x x xxxxx xxx z
TRACE 839 x x xxxxx xxx x
TRACE 840 x x xxxxx xxx z
TRACE 841 x x xxxxx xxx x
TRACE 842 x x xxxxx xxx z
TRACE 843 x x xxxxx xxx x
TRACE 844 x x xxxxx xxx z
TRACE 845 x x xxxxx xxx x
TRACE 846 x x xxxxx 000 x
TRACE 847 0 x xxxxx ffd x
WA10_TIMING_PASS PPC4=0 samples=848
/workspace/scratch/6b630b856865/MorphHdl/morphhdl-passes/tests/wa10/timing_expression_tb.v:122: $finish called at 2544000 (1ps)
