Increment 53 focused diagnostic
exit_status=1
head=18d21fb463f3e5862fd88648723bf2813fe40246
--- final 1200 lines ---
Downloading https://repo1.maven.org/maven2/org/apache/xbean/xbean-reflect/3.7/xbean-reflect-3.7.jar
Downloaded https://repo1.maven.org/maven2/com/lumidion/sonatype-central-client-requests_3/0.6.0/sonatype-central-client-requests_3-0.6.0.jar
Downloading https://repo1.maven.org/maven2/com/github/plokhotnyuk/jsoniter-scala/jsoniter-scala-core_2.13/2.13.5/jsoniter-scala-core_2.13-2.13.5.jar
Downloaded https://repo1.maven.org/maven2/com/lihaoyi/sourcecode_3/0.4.4/sourcecode_3-0.4.4.jar
Downloading https://repo1.maven.org/maven2/io/get-coursier/coursier-proxy-setup/2.1.25-M23/coursier-proxy-setup-2.1.25-M23.jar
Downloaded https://repo1.maven.org/maven2/io/get-coursier/coursier_2.13/2.1.25-M23/coursier_2.13-2.1.25-M23.jar
Downloading https://repo1.maven.org/maven2/com/google/errorprone/error_prone_annotations/2.41.0/error_prone_annotations-2.41.0.jar
Downloaded https://repo1.maven.org/maven2/com/lihaoyi/requests_3/0.9.2/requests_3-0.9.2.jar
Downloading https://repo1.maven.org/maven2/com/lihaoyi/mill-core-eval_3/1.1.0/mill-core-eval_3-1.1.0.jar
Downloaded https://repo1.maven.org/maven2/io/get-coursier/coursier-paths/2.1.25-M23/coursier-paths-2.1.25-M23.jar
Downloading https://repo1.maven.org/maven2/org/eclipse/xtend/org.eclipse.xtend.lib/2.28.0/org.eclipse.xtend.lib-2.28.0.jar
Downloaded https://repo1.maven.org/maven2/org/apache/xbean/xbean-reflect/3.7/xbean-reflect-3.7.jar
Downloading https://repo1.maven.org/maven2/org/ow2/asm/asm/9.9.1/asm-9.9.1.jar
Downloaded https://repo1.maven.org/maven2/com/google/errorprone/error_prone_annotations/2.41.0/error_prone_annotations-2.41.0.jar
Downloading https://repo1.maven.org/maven2/com/lihaoyi/mill-core-api_3/1.1.0/mill-core-api_3-1.1.0.jar
Downloaded https://repo1.maven.org/maven2/com/lihaoyi/mill-core-eval_3/1.1.0/mill-core-eval_3-1.1.0.jar
Downloading https://repo1.maven.org/maven2/org/scala-lang/modules/scala-xml_3/2.4.0/scala-xml_3-2.4.0.jar
Downloaded https://repo1.maven.org/maven2/com/github/plokhotnyuk/jsoniter-scala/jsoniter-scala-core_2.13/2.13.5/jsoniter-scala-core_2.13-2.13.5.jar
Downloading https://repo1.maven.org/maven2/com/lihaoyi/mill-runner-eclipse_3/1.1.0/mill-runner-eclipse_3-1.1.0.jar
Downloaded https://repo1.maven.org/maven2/io/get-coursier/coursier-proxy-setup/2.1.25-M23/coursier-proxy-setup-2.1.25-M23.jar
Downloading https://repo1.maven.org/maven2/net/java/dev/jna/jna/5.17.0/jna-5.17.0.jar
Downloaded https://repo1.maven.org/maven2/org/eclipse/xtend/org.eclipse.xtend.lib/2.28.0/org.eclipse.xtend.lib-2.28.0.jar
Downloading https://repo1.maven.org/maven2/org/scala-lang/modules/scala-collection-compat_3/2.12.0/scala-collection-compat_3-2.12.0.jar
Downloaded https://repo1.maven.org/maven2/org/ow2/asm/asm/9.9.1/asm-9.9.1.jar
Downloading https://repo1.maven.org/maven2/com/lihaoyi/mill-libs-util-java11_3/1.1.0/mill-libs-util-java11_3-1.1.0.jar
Downloaded https://repo1.maven.org/maven2/com/lihaoyi/mill-runner-eclipse_3/1.1.0/mill-runner-eclipse_3-1.1.0.jar
Downloading https://repo1.maven.org/maven2/com/lihaoyi/os-lib_3/0.11.7/os-lib_3-0.11.7.jar
Downloaded https://repo1.maven.org/maven2/org/scala-lang/modules/scala-collection-compat_3/2.12.0/scala-collection-compat_3-2.12.0.jar
Downloading https://repo1.maven.org/maven2/org/slf4j/jcl-over-slf4j/1.7.30/jcl-over-slf4j-1.7.30.jar
Downloaded https://repo1.maven.org/maven2/com/lihaoyi/mill-libs-util-java11_3/1.1.0/mill-libs-util-java11_3-1.1.0.jar
Downloading https://repo1.maven.org/maven2/org/apache/tika/tika-core/3.2.3/tika-core-3.2.3.jar
Downloaded https://repo1.maven.org/maven2/com/lihaoyi/mill-core-api_3/1.1.0/mill-core-api_3-1.1.0.jar
Downloading https://repo1.maven.org/maven2/com/lihaoyi/mainargs_3/0.7.8/mainargs_3-0.7.8.jar
Downloaded https://repo1.maven.org/maven2/org/slf4j/jcl-over-slf4j/1.7.30/jcl-over-slf4j-1.7.30.jar
Downloading https://repo1.maven.org/maven2/com/lihaoyi/upickle-implicits_3/4.4.2/upickle-implicits_3-4.4.2.jar
Downloaded https://repo1.maven.org/maven2/org/scala-lang/modules/scala-xml_3/2.4.0/scala-xml_3-2.4.0.jar
Downloading https://repo1.maven.org/maven2/com/lihaoyi/mill-libs-util_3/1.1.0/mill-libs-util_3-1.1.0.jar
Downloaded https://repo1.maven.org/maven2/com/lihaoyi/os-lib_3/0.11.7/os-lib_3-0.11.7.jar
Downloading https://repo1.maven.org/maven2/com/lihaoyi/mill-core-api-java11_3/1.1.0/mill-core-api-java11_3-1.1.0.jar
Downloaded https://repo1.maven.org/maven2/net/java/dev/jna/jna/5.17.0/jna-5.17.0.jar
Downloading https://repo1.maven.org/maven2/io/get-coursier/coursier-archive-cache_2.13/2.1.25-M23/coursier-archive-cache_2.13-2.1.25-M23.jar
Downloaded https://repo1.maven.org/maven2/com/lihaoyi/mainargs_3/0.7.8/mainargs_3-0.7.8.jar
Downloading https://repo1.maven.org/maven2/org/snakeyaml/snakeyaml-engine/3.0.1/snakeyaml-engine-3.0.1.jar
Downloaded https://repo1.maven.org/maven2/org/apache/tika/tika-core/3.2.3/tika-core-3.2.3.jar
Downloading https://repo1.maven.org/maven2/org/ow2/asm/asm-tree/9.9.1/asm-tree-9.9.1.jar
Downloaded https://repo1.maven.org/maven2/com/lihaoyi/mill-core-api-java11_3/1.1.0/mill-core-api-java11_3-1.1.0.jar
Downloading https://repo1.maven.org/maven2/com/lihaoyi/mill-runner-bsp_3/1.1.0/mill-runner-bsp_3-1.1.0.jar
Downloaded https://repo1.maven.org/maven2/com/lihaoyi/mill-libs-util_3/1.1.0/mill-libs-util_3-1.1.0.jar
Downloading https://repo1.maven.org/maven2/io/get-coursier/coursier-core_2.13/2.1.25-M23/coursier-core_2.13-2.1.25-M23.jar
Downloaded https://repo1.maven.org/maven2/io/get-coursier/coursier-archive-cache_2.13/2.1.25-M23/coursier-archive-cache_2.13-2.1.25-M23.jar
Downloading https://repo1.maven.org/maven2/ch/qos/logback/logback-core/1.5.24/logback-core-1.5.24.jar
Downloaded https://repo1.maven.org/maven2/com/lihaoyi/upickle-implicits_3/4.4.2/upickle-implicits_3-4.4.2.jar
Downloading https://repo1.maven.org/maven2/com/lihaoyi/mill-libs-javalib-testrunner-entrypoint/1.1.0/mill-libs-javalib-testrunner-entrypoint-1.1.0.jar
Downloaded https://repo1.maven.org/maven2/org/ow2/asm/asm-tree/9.9.1/asm-tree-9.9.1.jar
Downloading https://repo1.maven.org/maven2/com/google/j2objc/j2objc-annotations/1.3/j2objc-annotations-1.3.jar
Downloaded https://repo1.maven.org/maven2/org/snakeyaml/snakeyaml-engine/3.0.1/snakeyaml-engine-3.0.1.jar
Downloading https://repo1.maven.org/maven2/com/lihaoyi/mill-runner-server_3/1.1.0/mill-runner-server_3-1.1.0.jar
Downloaded https://repo1.maven.org/maven2/com/lihaoyi/mill-runner-bsp_3/1.1.0/mill-runner-bsp_3-1.1.0.jar
Downloading https://repo1.maven.org/maven2/com/lihaoyi/mill-core-api-daemon_3/1.1.0/mill-core-api-daemon_3-1.1.0.jar
Downloaded https://repo1.maven.org/maven2/com/lihaoyi/mill-libs-javalib-testrunner-entrypoint/1.1.0/mill-libs-javalib-testrunner-entrypoint-1.1.0.jar
Downloading https://repo1.maven.org/maven2/com/lihaoyi/mill-runner-codesig_3/1.1.0/mill-runner-codesig_3-1.1.0.jar
Downloaded https://repo1.maven.org/maven2/com/lihaoyi/mill-runner-server_3/1.1.0/mill-runner-server_3-1.1.0.jar
Downloading https://repo1.maven.org/maven2/com/lumidion/sonatype-central-client-core_3/0.6.0/sonatype-central-client-core_3-0.6.0.jar
Downloaded https://repo1.maven.org/maven2/com/google/j2objc/j2objc-annotations/1.3/j2objc-annotations-1.3.jar
Downloading https://repo1.maven.org/maven2/org/virtuslab/scala-cli/config_3/1.9.1/config_3-1.9.1.jar
Downloaded https://repo1.maven.org/maven2/com/lumidion/sonatype-central-client-core_3/0.6.0/sonatype-central-client-core_3-0.6.0.jar
Downloading https://repo1.maven.org/maven2/com/lihaoyi/mill-runner-launcher_3/1.1.0/mill-runner-launcher_3-1.1.0.jar
Downloaded https://repo1.maven.org/maven2/io/get-coursier/coursier-core_2.13/2.1.25-M23/coursier-core_2.13-2.1.25-M23.jar
Downloading https://repo1.maven.org/maven2/io/get-coursier/cache-util/2.1.25-M23/cache-util-2.1.25-M23.jar
Downloaded https://repo1.maven.org/maven2/com/lihaoyi/mill-runner-codesig_3/1.1.0/mill-runner-codesig_3-1.1.0.jar
Downloading https://repo1.maven.org/maven2/com/lihaoyi/fastparse_3/3.1.1/fastparse_3-3.1.1.jar
Downloaded https://repo1.maven.org/maven2/com/lihaoyi/mill-core-api-daemon_3/1.1.0/mill-core-api-daemon_3-1.1.0.jar
Downloading https://repo1.maven.org/maven2/org/scala-lang/scala3-compiler_3/3.8.1/scala3-compiler_3-3.8.1.jar
Downloaded https://repo1.maven.org/maven2/ch/qos/logback/logback-core/1.5.24/logback-core-1.5.24.jar
Downloading https://repo1.maven.org/maven2/org/eclipse/jgit/org.eclipse.jgit/6.10.1.202505221210-r/org.eclipse.jgit-6.10.1.202505221210-r.jar
Downloaded https://repo1.maven.org/maven2/org/virtuslab/scala-cli/config_3/1.9.1/config_3-1.9.1.jar
Downloading https://repo1.maven.org/maven2/org/codehaus/plexus/plexus-io/3.5.1/plexus-io-3.5.1.jar
Downloaded https://repo1.maven.org/maven2/com/lihaoyi/mill-runner-launcher_3/1.1.0/mill-runner-launcher_3-1.1.0.jar
Downloading https://repo1.maven.org/maven2/com/lihaoyi/os-zip/0.11.7/os-zip-0.11.7.jar
Downloaded https://repo1.maven.org/maven2/io/get-coursier/cache-util/2.1.25-M23/cache-util-2.1.25-M23.jar
Downloading https://repo1.maven.org/maven2/org/jline/jline/3.30.6/jline-3.30.6.jar
Downloaded https://repo1.maven.org/maven2/com/lihaoyi/fastparse_3/3.1.1/fastparse_3-3.1.1.jar
Downloading https://repo1.maven.org/maven2/com/lihaoyi/mill-libs-rpc_3/1.1.0/mill-libs-rpc_3-1.1.0.jar
Downloaded https://repo1.maven.org/maven2/org/codehaus/plexus/plexus-io/3.5.1/plexus-io-3.5.1.jar
Downloading https://repo1.maven.org/maven2/org/scala-sbt/test-interface/1.0/test-interface-1.0.jar
Downloaded https://repo1.maven.org/maven2/com/lihaoyi/os-zip/0.11.7/os-zip-0.11.7.jar
Downloading https://repo1.maven.org/maven2/org/scala-sbt/compiler-interface/2.0.0-M13/compiler-interface-2.0.0-M13.jar
Downloaded https://repo1.maven.org/maven2/com/lihaoyi/mill-libs-rpc_3/1.1.0/mill-libs-rpc_3-1.1.0.jar
Downloading https://repo1.maven.org/maven2/com/google/code/gson/gson/2.13.2/gson-2.13.2.jar
Downloaded https://repo1.maven.org/maven2/org/scala-sbt/test-interface/1.0/test-interface-1.0.jar
Downloading https://repo1.maven.org/maven2/com/lihaoyi/mill-libs-groovylib-api_3/1.1.0/mill-libs-groovylib-api_3-1.1.0.jar
Downloaded https://repo1.maven.org/maven2/org/scala-sbt/compiler-interface/2.0.0-M13/compiler-interface-2.0.0-M13.jar
Downloading https://repo1.maven.org/maven2/org/slf4j/jul-to-slf4j/1.7.30/jul-to-slf4j-1.7.30.jar
Downloaded https://repo1.maven.org/maven2/com/google/code/gson/gson/2.13.2/gson-2.13.2.jar
Downloading https://repo1.maven.org/maven2/org/scala-lang/modules/scala-xml_2.13/2.4.0/scala-xml_2.13-2.4.0.jar
Downloaded https://repo1.maven.org/maven2/com/lihaoyi/mill-libs-groovylib-api_3/1.1.0/mill-libs-groovylib-api_3-1.1.0.jar
Downloading https://repo1.maven.org/maven2/org/scala-sbt/util-interface/2.0.0-RC8/util-interface-2.0.0-RC8.jar
Downloaded https://repo1.maven.org/maven2/org/jline/jline/3.30.6/jline-3.30.6.jar
Downloaded https://repo1.maven.org/maven2/org/slf4j/jul-to-slf4j/1.7.30/jul-to-slf4j-1.7.30.jar
Downloading https://repo1.maven.org/maven2/com/googlecode/javaewah/JavaEWAH/1.2.3/JavaEWAH-1.2.3.jar
Downloading https://repo1.maven.org/maven2/com/lihaoyi/mill-core-internal-cli_3/1.1.0/mill-core-internal-cli_3-1.1.0.jar
Downloaded https://repo1.maven.org/maven2/org/eclipse/jgit/org.eclipse.jgit/6.10.1.202505221210-r/org.eclipse.jgit-6.10.1.202505221210-r.jar
Downloading https://repo1.maven.org/maven2/io/get-coursier/versions_2.13/0.5.1/versions_2.13-0.5.1.jar
Downloaded https://repo1.maven.org/maven2/org/scala-sbt/util-interface/2.0.0-RC8/util-interface-2.0.0-RC8.jar
Downloading https://repo1.maven.org/maven2/io/get-coursier/jniutils/windows-jni-utils/0.3.3/windows-jni-utils-0.3.3.jar
Downloaded https://repo1.maven.org/maven2/org/scala-lang/modules/scala-xml_2.13/2.4.0/scala-xml_2.13-2.4.0.jar
Downloading https://repo1.maven.org/maven2/org/scala-lang/scala-reflect/2.13.18/scala-reflect-2.13.18.jar
Downloaded https://repo1.maven.org/maven2/com/lihaoyi/mill-core-internal-cli_3/1.1.0/mill-core-internal-cli_3-1.1.0.jar
Downloading https://repo1.maven.org/maven2/org/scala-lang/modules/scala-asm/9.9.0-scala-1/scala-asm-9.9.0-scala-1.jar
Downloaded https://repo1.maven.org/maven2/com/googlecode/javaewah/JavaEWAH/1.2.3/JavaEWAH-1.2.3.jar
Downloading https://repo1.maven.org/maven2/ch/qos/logback/logback-classic/1.5.24/logback-classic-1.5.24.jar
Downloaded https://repo1.maven.org/maven2/io/get-coursier/versions_2.13/0.5.1/versions_2.13-0.5.1.jar
Downloading https://repo1.maven.org/maven2/com/google/code/findbugs/jsr305/3.0.2/jsr305-3.0.2.jar
Downloaded https://repo1.maven.org/maven2/io/get-coursier/jniutils/windows-jni-utils/0.3.3/windows-jni-utils-0.3.3.jar
Downloading https://repo1.maven.org/maven2/com/lihaoyi/mill-libs-javalib-api_3/1.1.0/mill-libs-javalib-api_3-1.1.0.jar
Downloaded https://repo1.maven.org/maven2/org/scala-lang/modules/scala-asm/9.9.0-scala-1/scala-asm-9.9.0-scala-1.jar
Downloading https://repo1.maven.org/maven2/com/lihaoyi/mill-libs-kotlinlib_3/1.1.0/mill-libs-kotlinlib_3-1.1.0.jar
Downloaded https://repo1.maven.org/maven2/com/google/code/findbugs/jsr305/3.0.2/jsr305-3.0.2.jar
Downloading https://repo1.maven.org/maven2/com/lihaoyi/mill-libs-init_3/1.1.0/mill-libs-init_3-1.1.0.jar
Downloaded https://repo1.maven.org/maven2/ch/qos/logback/logback-classic/1.5.24/logback-classic-1.5.24.jar
Downloading https://repo1.maven.org/maven2/org/codehaus/plexus/plexus-classworlds/2.6.0/plexus-classworlds-2.6.0.jar
Downloaded https://repo1.maven.org/maven2/com/lihaoyi/mill-libs-javalib-api_3/1.1.0/mill-libs-javalib-api_3-1.1.0.jar
Downloading https://repo1.maven.org/maven2/commons-codec/commons-codec/1.19.0/commons-codec-1.19.0.jar
Downloaded https://repo1.maven.org/maven2/com/lihaoyi/mill-libs-kotlinlib_3/1.1.0/mill-libs-kotlinlib_3-1.1.0.jar
Downloading https://repo1.maven.org/maven2/io/github/alexarchambault/windows-ansi/windows-ansi/0.0.6/windows-ansi-0.0.6.jar
Downloaded https://repo1.maven.org/maven2/com/lihaoyi/mill-libs-init_3/1.1.0/mill-libs-init_3-1.1.0.jar
Downloading https://repo1.maven.org/maven2/com/github/luben/zstd-jni/1.5.7-4/zstd-jni-1.5.7-4.jar
Downloaded https://repo1.maven.org/maven2/commons-codec/commons-codec/1.19.0/commons-codec-1.19.0.jar
Downloading https://repo1.maven.org/maven2/io/github/alexarchambault/concurrent-reference-hash-map/1.1.0/concurrent-reference-hash-map-1.1.0.jar
Downloaded https://repo1.maven.org/maven2/org/scala-lang/scala-reflect/2.13.18/scala-reflect-2.13.18.jar
Downloading https://repo1.maven.org/maven2/com/lihaoyi/mill-core-resolve_3/1.1.0/mill-core-resolve_3-1.1.0.jar
Downloaded https://repo1.maven.org/maven2/org/codehaus/plexus/plexus-classworlds/2.6.0/plexus-classworlds-2.6.0.jar
Downloading https://repo1.maven.org/maven2/com/lihaoyi/upickle-implicits-named-tuples_3/4.4.2/upickle-implicits-named-tuples_3-4.4.2.jar
Downloaded https://repo1.maven.org/maven2/io/github/alexarchambault/windows-ansi/windows-ansi/0.0.6/windows-ansi-0.0.6.jar
Downloading https://repo1.maven.org/maven2/commons-io/commons-io/2.20.0/commons-io-2.20.0.jar
Downloaded https://repo1.maven.org/maven2/io/github/alexarchambault/concurrent-reference-hash-map/1.1.0/concurrent-reference-hash-map-1.1.0.jar
Downloading https://repo1.maven.org/maven2/com/google/guava/failureaccess/1.0.1/failureaccess-1.0.1.jar
Downloaded https://repo1.maven.org/maven2/com/lihaoyi/mill-core-resolve_3/1.1.0/mill-core-resolve_3-1.1.0.jar
Downloading https://repo1.maven.org/maven2/io/github/alexarchambault/native-terminal/native-terminal-no-ffm/0.0.9.1/native-terminal-no-ffm-0.0.9.1.jar
Downloaded https://repo1.maven.org/maven2/commons-io/commons-io/2.20.0/commons-io-2.20.0.jar
Downloading https://repo1.maven.org/maven2/com/lihaoyi/os-lib-watch_3/0.11.7/os-lib-watch_3-0.11.7.jar
Downloaded https://repo1.maven.org/maven2/com/lihaoyi/upickle-implicits-named-tuples_3/4.4.2/upickle-implicits-named-tuples_3-4.4.2.jar
Downloading https://repo1.maven.org/maven2/org/eclipse/lsp4j/org.eclipse.lsp4j.generator/0.20.1/org.eclipse.lsp4j.generator-0.20.1.jar
Downloaded https://repo1.maven.org/maven2/org/scala-lang/scala3-compiler_3/3.8.1/scala3-compiler_3-3.8.1.jar
Downloading https://repo1.maven.org/maven2/com/lihaoyi/upickle_3/4.4.2/upickle_3-4.4.2.jar
Downloaded https://repo1.maven.org/maven2/io/github/alexarchambault/native-terminal/native-terminal-no-ffm/0.0.9.1/native-terminal-no-ffm-0.0.9.1.jar
Downloaded https://repo1.maven.org/maven2/com/google/guava/failureaccess/1.0.1/failureaccess-1.0.1.jar
Downloading https://repo1.maven.org/maven2/com/lihaoyi/mill-runner-daemon_3/1.1.0/mill-runner-daemon_3-1.1.0.jar
Downloaded https://repo1.maven.org/maven2/com/lihaoyi/os-lib-watch_3/0.11.7/os-lib-watch_3-0.11.7.jar
Downloading https://repo1.maven.org/maven2/com/lihaoyi/geny_3/1.1.1/geny_3-1.1.1.jar
Downloading https://repo1.maven.org/maven2/org/jgrapht/jgrapht-core/1.4.0/jgrapht-core-1.4.0.jar
Downloaded https://repo1.maven.org/maven2/org/eclipse/lsp4j/org.eclipse.lsp4j.generator/0.20.1/org.eclipse.lsp4j.generator-0.20.1.jar
Downloading https://repo1.maven.org/maven2/com/lihaoyi/mill-core-internal_3/1.1.0/mill-core-internal_3-1.1.0.jar
Downloaded https://repo1.maven.org/maven2/com/lihaoyi/upickle_3/4.4.2/upickle_3-4.4.2.jar
Downloading https://repo1.maven.org/maven2/org/scala-lang/tasty-core_3/3.8.1/tasty-core_3-3.8.1.jar
Downloaded https://repo1.maven.org/maven2/com/github/luben/zstd-jni/1.5.7-4/zstd-jni-1.5.7-4.jar
Downloading https://repo1.maven.org/maven2/com/lihaoyi/mill-libs-javalib-testrunner_3/1.1.0/mill-libs-javalib-testrunner_3-1.1.0.jar
Downloaded https://repo1.maven.org/maven2/com/lihaoyi/mill-runner-daemon_3/1.1.0/mill-runner-daemon_3-1.1.0.jar
Downloading https://repo1.maven.org/maven2/com/lihaoyi/mill-moduledefs_3/0.13.1/mill-moduledefs_3-0.13.1.jar
Downloaded https://repo1.maven.org/maven2/com/lihaoyi/mill-core-internal_3/1.1.0/mill-core-internal_3-1.1.0.jar
Downloading https://repo1.maven.org/maven2/com/lihaoyi/mill-runner-meta_3/1.1.0/mill-runner-meta_3-1.1.0.jar
Downloaded https://repo1.maven.org/maven2/org/jgrapht/jgrapht-core/1.4.0/jgrapht-core-1.4.0.jar
Downloading https://repo1.maven.org/maven2/org/scala-lang/scala3-library_3/3.8.1/scala3-library_3-3.8.1.jar
Downloaded https://repo1.maven.org/maven2/com/lihaoyi/geny_3/1.1.1/geny_3-1.1.1.jar
Downloading https://repo1.maven.org/maven2/io/get-coursier/coursier-exec/2.1.25-M23/coursier-exec-2.1.25-M23.jar
Downloaded https://repo1.maven.org/maven2/org/scala-lang/tasty-core_3/3.8.1/tasty-core_3-3.8.1.jar
Downloading https://repo1.maven.org/maven2/org/scala-lang/modules/scala-collection-compat_2.13/2.13.0/scala-collection-compat_2.13-2.13.0.jar
Downloaded https://repo1.maven.org/maven2/com/lihaoyi/mill-libs-javalib-testrunner_3/1.1.0/mill-libs-javalib-testrunner_3-1.1.0.jar
Downloading https://repo1.maven.org/maven2/org/apache/commons/commons-compress/1.28.0/commons-compress-1.28.0.jar
Downloaded https://repo1.maven.org/maven2/com/lihaoyi/mill-runner-meta_3/1.1.0/mill-runner-meta_3-1.1.0.jar
Downloading https://repo1.maven.org/maven2/guru/nidi/graphviz-java-min-deps/0.18.1/graphviz-java-min-deps-0.18.1.jar
Downloaded https://repo1.maven.org/maven2/com/lihaoyi/mill-moduledefs_3/0.13.1/mill-moduledefs_3-0.13.1.jar
Downloading https://repo1.maven.org/maven2/io/airlift/aircompressor/0.27/aircompressor-0.27.jar
Downloaded https://repo1.maven.org/maven2/org/scala-lang/scala3-library_3/3.8.1/scala3-library_3-3.8.1.jar
Downloading https://repo1.maven.org/maven2/org/eclipse/xtext/org.eclipse.xtext.xbase.lib/2.28.0/org.eclipse.xtext.xbase.lib-2.28.0.jar
Downloaded https://repo1.maven.org/maven2/io/get-coursier/coursier-exec/2.1.25-M23/coursier-exec-2.1.25-M23.jar
Downloading https://repo1.maven.org/maven2/ch/epfl/scala/bsp4j/2.2.0-M2/bsp4j-2.2.0-M2.jar
Downloaded https://repo1.maven.org/maven2/org/scala-lang/modules/scala-collection-compat_2.13/2.13.0/scala-collection-compat_2.13-2.13.0.jar
Downloading https://repo1.maven.org/maven2/com/lihaoyi/unroll-annotation_3/0.2.0/unroll-annotation_3-0.2.0.jar
Downloaded https://repo1.maven.org/maven2/guru/nidi/graphviz-java-min-deps/0.18.1/graphviz-java-min-deps-0.18.1.jar
Downloading https://repo1.maven.org/maven2/com/lihaoyi/ujson_3/4.4.2/ujson_3-4.4.2.jar
Downloaded https://repo1.maven.org/maven2/io/airlift/aircompressor/0.27/aircompressor-0.27.jar
Downloading https://repo1.maven.org/maven2/org/virtuslab/scala-cli/specification-level_3/1.9.1/specification-level_3-1.9.1.jar
Downloaded https://repo1.maven.org/maven2/org/apache/commons/commons-compress/1.28.0/commons-compress-1.28.0.jar
Downloading https://repo1.maven.org/maven2/org/scala-lang/scala-library/3.8.1/scala-library-3.8.1.jar
Downloaded https://repo1.maven.org/maven2/org/eclipse/xtext/org.eclipse.xtext.xbase.lib/2.28.0/org.eclipse.xtext.xbase.lib-2.28.0.jar
Downloading https://repo1.maven.org/maven2/io/github/alexarchambault/is-terminal/0.1.2/is-terminal-0.1.2.jar
Downloaded https://repo1.maven.org/maven2/com/lihaoyi/unroll-annotation_3/0.2.0/unroll-annotation_3-0.2.0.jar
Downloading https://repo1.maven.org/maven2/com/lihaoyi/mill-runner-bsp-worker_3/1.1.0/mill-runner-bsp-worker_3-1.1.0.jar
Downloaded https://repo1.maven.org/maven2/ch/epfl/scala/bsp4j/2.2.0-M2/bsp4j-2.2.0-M2.jar
Downloading https://repo1.maven.org/maven2/org/codehaus/plexus/plexus-utils/4.0.2/plexus-utils-4.0.2.jar
Downloaded https://repo1.maven.org/maven2/com/lihaoyi/ujson_3/4.4.2/ujson_3-4.4.2.jar
Downloading https://repo1.maven.org/maven2/com/lihaoyi/mill-core-exec_3/1.1.0/mill-core-exec_3-1.1.0.jar
Downloaded https://repo1.maven.org/maven2/io/github/alexarchambault/is-terminal/0.1.2/is-terminal-0.1.2.jar
Downloading https://repo1.maven.org/maven2/org/checkerframework/checker-qual/3.5.0/checker-qual-3.5.0.jar
Downloaded https://repo1.maven.org/maven2/org/virtuslab/scala-cli/specification-level_3/1.9.1/specification-level_3-1.9.1.jar
Downloading https://repo1.maven.org/maven2/org/codehaus/plexus/plexus-archiver/4.10.1/plexus-archiver-4.10.1.jar
Downloaded https://repo1.maven.org/maven2/com/lihaoyi/mill-core-exec_3/1.1.0/mill-core-exec_3-1.1.0.jar
Downloaded https://repo1.maven.org/maven2/com/lihaoyi/mill-runner-bsp-worker_3/1.1.0/mill-runner-bsp-worker_3-1.1.0.jar
Downloading https://repo1.maven.org/maven2/com/google/guava/listenablefuture/9999.0-empty-to-avoid-conflict-with-guava/listenablefuture-9999.0-empty-to-avoid-conflict-with-guava.jar
Downloading https://repo1.maven.org/maven2/org/scala-lang/scala3-interfaces/3.8.1/scala3-interfaces-3.8.1.jar
Downloaded https://repo1.maven.org/maven2/org/codehaus/plexus/plexus-utils/4.0.2/plexus-utils-4.0.2.jar
Downloading https://repo1.maven.org/maven2/com/lihaoyi/upickle-core_3/4.4.2/upickle-core_3-4.4.2.jar
Downloaded https://repo1.maven.org/maven2/com/google/guava/listenablefuture/9999.0-empty-to-avoid-conflict-with-guava/listenablefuture-9999.0-empty-to-avoid-conflict-with-guava.jar
Downloading https://repo1.maven.org/maven2/javax/inject/javax.inject/1/javax.inject-1.jar
Downloaded https://repo1.maven.org/maven2/org/checkerframework/checker-qual/3.5.0/checker-qual-3.5.0.jar
Downloaded https://repo1.maven.org/maven2/org/scala-lang/scala3-interfaces/3.8.1/scala3-interfaces-3.8.1.jar
Downloading https://repo1.maven.org/maven2/org/slf4j/slf4j-api/2.0.17/slf4j-api-2.0.17.jar
Downloading https://repo1.maven.org/maven2/org/jheaps/jheaps/0.11/jheaps-0.11.jar
Downloaded https://repo1.maven.org/maven2/org/codehaus/plexus/plexus-archiver/4.10.1/plexus-archiver-4.10.1.jar
Downloading https://repo1.maven.org/maven2/com/lihaoyi/mill-libs-groovylib_3/1.1.0/mill-libs-groovylib_3-1.1.0.jar
Downloaded https://repo1.maven.org/maven2/com/lihaoyi/upickle-core_3/4.4.2/upickle-core_3-4.4.2.jar
Downloading https://repo1.maven.org/maven2/com/lihaoyi/mill-libs-javalib_3/1.1.0/mill-libs-javalib_3-1.1.0.jar
Downloaded https://repo1.maven.org/maven2/javax/inject/javax.inject/1/javax.inject-1.jar
Downloading https://repo1.maven.org/maven2/com/lihaoyi/mill-runner-idea_3/1.1.0/mill-runner-idea_3-1.1.0.jar
Downloaded https://repo1.maven.org/maven2/com/lihaoyi/mill-libs-groovylib_3/1.1.0/mill-libs-groovylib_3-1.1.0.jar
Downloading https://repo1.maven.org/maven2/com/lumidion/sonatype-central-client-upickle_3/0.6.0/sonatype-central-client-upickle_3-0.6.0.jar
Downloaded https://repo1.maven.org/maven2/org/scala-lang/scala-library/3.8.1/scala-library-3.8.1.jar
Downloading https://repo1.maven.org/maven2/com/lihaoyi/mill-core-constants/1.1.0/mill-core-constants-1.1.0.jar
Downloaded https://repo1.maven.org/maven2/org/jheaps/jheaps/0.11/jheaps-0.11.jar
Downloading https://repo1.maven.org/maven2/com/lihaoyi/fansi_3/0.5.1/fansi_3-0.5.1.jar
Downloaded https://repo1.maven.org/maven2/org/slf4j/slf4j-api/2.0.17/slf4j-api-2.0.17.jar
Downloading https://repo1.maven.org/maven2/org/apache/commons/commons-lang3/3.18.0/commons-lang3-3.18.0.jar
Downloaded https://repo1.maven.org/maven2/com/lihaoyi/mill-runner-idea_3/1.1.0/mill-runner-idea_3-1.1.0.jar
Downloading https://repo1.maven.org/maven2/com/google/guava/guava/30.1-jre/guava-30.1-jre.jar
Downloaded https://repo1.maven.org/maven2/com/lumidion/sonatype-central-client-upickle_3/0.6.0/sonatype-central-client-upickle_3-0.6.0.jar
Downloading https://repo1.maven.org/maven2/com/lihaoyi/upack_3/4.4.2/upack_3-4.4.2.jar
Downloaded https://repo1.maven.org/maven2/com/lihaoyi/mill-core-constants/1.1.0/mill-core-constants-1.1.0.jar
Downloading https://repo1.maven.org/maven2/io/get-coursier/coursier-cache_2.13/2.1.25-M23/coursier-cache_2.13-2.1.25-M23.jar
Downloaded https://repo1.maven.org/maven2/com/lihaoyi/fansi_3/0.5.1/fansi_3-0.5.1.jar
Downloaded https://repo1.maven.org/maven2/org/apache/commons/commons-lang3/3.18.0/commons-lang3-3.18.0.jar
Downloading https://repo1.maven.org/maven2/org/fusesource/jansi/jansi/2.4.1/jansi-2.4.1.jar
Downloading https://repo1.maven.org/maven2/org/jline/jline-native/3.29.0/jline-native-3.29.0.jar
Downloaded https://repo1.maven.org/maven2/com/lihaoyi/mill-libs-javalib_3/1.1.0/mill-libs-javalib_3-1.1.0.jar
Downloading https://repo1.maven.org/maven2/io/get-coursier/coursier-env_2.13/2.1.25-M23/coursier-env_2.13-2.1.25-M23.jar
Downloaded https://repo1.maven.org/maven2/io/get-coursier/coursier-cache_2.13/2.1.25-M23/coursier-cache_2.13-2.1.25-M23.jar
Downloaded https://repo1.maven.org/maven2/org/fusesource/jansi/jansi/2.4.1/jansi-2.4.1.jar
Downloading https://repo1.maven.org/maven2/io/get-coursier/coursier-util_2.13/2.1.25-M23/coursier-util_2.13-2.1.25-M23.jar
Downloaded https://repo1.maven.org/maven2/org/jline/jline-native/3.29.0/jline-native-3.29.0.jar
Downloaded https://repo1.maven.org/maven2/com/lihaoyi/upack_3/4.4.2/upack_3-4.4.2.jar
Downloaded https://repo1.maven.org/maven2/com/google/guava/guava/30.1-jre/guava-30.1-jre.jar
Downloaded https://repo1.maven.org/maven2/io/get-coursier/coursier-env_2.13/2.1.25-M23/coursier-env_2.13-2.1.25-M23.jar
Downloaded https://repo1.maven.org/maven2/io/get-coursier/coursier-util_2.13/2.1.25-M23/coursier-util_2.13-2.1.25-M23.jar
Downloading https://repo1.maven.org/maven2/io/get-coursier/jvm/indices/index-linux-amd64/0.0.4-125-77e06d/index-linux-amd64-0.0.4-125-77e06d.pom
Downloaded https://repo1.maven.org/maven2/io/get-coursier/jvm/indices/index-linux-amd64/0.0.4-125-77e06d/index-linux-amd64-0.0.4-125-77e06d.pom
Downloading https://repo1.maven.org/maven2/io/get-coursier/jvm/indices/index-linux-amd64/0.0.4-125-77e06d/index-linux-amd64-0.0.4-125-77e06d.jar
Downloaded https://repo1.maven.org/maven2/io/get-coursier/jvm/indices/index-linux-amd64/0.0.4-125-77e06d/index-linux-amd64-0.0.4-125-77e06d.jar
Downloading https://cdn.azul.com/zulu/bin/zulu21.46.19-ca-jdk21.0.9-linux_x64.tar.gz
Downloaded https://cdn.azul.com/zulu/bin/zulu21.46.19-ca-jdk21.0.9-linux_x64.tar.gz
SLF4J(E): A service provider failed to instantiate:
org.slf4j.spi.SLF4JServiceProvider: Provider ch.qos.logback.classic.spi.LogbackServiceProvider not found
SLF4J(W): No SLF4J providers were found.
SLF4J(W): Defaulting to no-operation (NOP) logger implementation
SLF4J(W): See https://www.slf4j.org/codes.html#noProviders for further details.
mill morph[2.13.12].testOnly morphhdl.ParameterizedStreamFifoDepthTests
build.mill-66] compile compiling 6 Scala sources to out/mill-build/compile.dest/classes ...
build.mill-66] [warn] project/Version.mill:5:25
build.mill-66] import scala.collection.JavaConverters._
build.mill-66]                         ^^^^^^^^^^^^^^
build.mill-66] object JavaConverters in package scala.collection is deprecated since 2.13.0: Use `scala.jdk.CollectionConverters` instead
build.mill-66] 
build.mill-66] [warn] one warning found
build.mill-66] done compiling
621] paramrtl.2_13_12.compile
621] compiling 6 Scala sources to out/paramrtl/2.13.12/compile.dest/classes ...
620] idslpayload.2_13_12.compile
620] compiling 2 Scala sources to out/idslpayload/2.13.12/compile.dest/classes ...
627] sim.2_13_12.compile
627] compiling 17 Scala sources and 10 Java sources to out/sim/2.13.12/compile.dest/classes ...
620] [warn] 1 deprecation
620] [warn] 3 deprecations (since 2.11.0)
620] [warn] 4 deprecations in total; re-run with -deprecation for details
620] [warn] three warnings found
620] done compiling
643] idslplugin.2_13_12.compile
643] compiling 2 Scala sources to out/idslplugin/2.13.12/compile.dest/classes ...
643] [warn] 1 deprecation; re-run with -deprecation for details
643] [warn] one warning found
643] done compiling
627] [warn] 1 deprecation
627] [warn] 23 deprecations (since 2.13.0)
627] [warn] 24 deprecations in total; re-run with -deprecation for details
627] [warn] three warnings found
627] [warn] source value 8 is obsolete and will be removed in a future release
627] [warn] target value 8 is obsolete and will be removed in a future release
627] [warn] To suppress warnings about obsolete options, use -Xlint:-options.
627] [warn] sim/src/main/java/spinal/sim/vpi/VectorInt8.java:25:18
627]   protected void finalize() {
627]                  ^
627] finalize() in java.lang.Object has been deprecated and marked for removal
627] 
627] [warn] sim/src/main/java/spinal/sim/vpi/SharedMemIface.java:25:18
627]   protected void finalize() {
627]                  ^
627] finalize() in java.lang.Object has been deprecated and marked for removal
627] 
627] [warn] sim/src/main/java/spinal/sim/xsi/VecI8.java:25:18
627]   protected void finalize() {
627]                  ^
627] finalize() in java.lang.Object has been deprecated and marked for removal
627] 
627] [warn] sim/src/main/java/spinal/sim/xsi/XSIIface.java:25:18
627]   protected void finalize() {
627]                  ^
627] finalize() in java.lang.Object has been deprecated and marked for removal
627] 
627] sim/src/main/java/spinal/sim/DynamicCompiler.java
627] 
627] 
627] DynamicCompiler.java uses or overrides a deprecated API.
627] 
627] sim/src/main/java/spinal/sim/DynamicCompiler.java
627] 
627] 
627] Recompile with -Xlint:deprecation for details.
627] 
627] sim/src/main/java/spinal/sim/DynamicCompiler.java
627] 
627] 
627] DynamicCompiler.java uses unchecked or unsafe operations.
627] 
627] sim/src/main/java/spinal/sim/DynamicCompiler.java
627] 
627] 
627] Recompile with -Xlint:unchecked for details.
627] 
627] done compiling
669] core.2_13_12.compile
669] compiling 75 Scala sources and 2 Java sources to out/core/2.13.12/compile.dest/classes ...
621] [warn] 1 deprecation; re-run with -deprecation for details
621] [warn] one warning found
621] done compiling
674] verilogBackend.2_13_12.compile
674] compiling 2 Scala sources to out/verilogBackend/2.13.12/compile.dest/classes ...
669] [warn] core/src/main/scala/spinal/core/Union.scala:8:16
669]   implicit def wrapped[T <: Data](ue: UnionElement[T]) = ue.get()
669]                ^^^^^^^^^^^^^^^^^^^^^^^^^^^^^^^^^^^^^^^^^^^^^^^^^^
669] Implicit definition should have explicit type (inferred T) [quickfixable]
669] 
674] [warn] 1 deprecation; re-run with -deprecation for details
674] [warn] one warning found
674] done compiling
669] [warn] core/src/main/scala/spinal/core/core.scala:376:48
669]         if (pi.hasNext && !pi.next.isInstanceOf[List[_]]) bldr append pi.next
669]                                                ^^^^^^^^^
669] fruitless type test: a value of type String cannot also be a List[Any] (the underlying of List[_])
669] 
669] [warn] core/src/main/scala/spinal/core/internals/Phase.scala:3230:25
669]                 case d: SpinalEnumCraft[SpinalEnum] => d.init(d.spinalEnum.elements(0))
669]                         ^^^^^^^^^^^^^^^^^^^^^^^^^^^
669] non-variable type argument spinal.core.SpinalEnum in type pattern spinal.core.SpinalEnumCraft[spinal.core.SpinalEnum] is unchecked since it is eliminated by erasure
669] 
669] [warn] core/src/main/scala/spinal/core/sim/package.scala:735:9
669]     def getSim = bt.encoding.getElement(getBigInt(bt), bt.spinalEnum).asInstanceOf[SpinalEnumElement[T]]
669]         ^^^^^^
669] method without a parameter list overrides method getSim in trait SimEquiv defined with a single empty parameter list [quickfixable]
669] 
669] [warn] core/src/main/scala/spinal/core/AFix.scala:231:5
669]     roundType match {
669]     ^^^^^^^^^
669] match may not be exhaustive.
669] It would fail on the following input: SCRAP
669] 
669] [warn] core/src/main/scala/spinal/core/Data.scala:387:29
669]   def dirString(): String = dir match {
669]                             ^^^
669] match may not be exhaustive.
669] It would fail on the following inputs: inWithNull, outWithNull
669] 
669] [warn] core/src/main/scala/spinal/core/Data.scala:578:16
669]           that.dir match {
669]                ^^^
669] match may not be exhaustive.
669] It would fail on the following inputs: inWithNull, outWithNull
669] 
669] [warn] core/src/main/scala/spinal/core/Data.scala:590:9
669]         d match {
669]         ^
669] match may not be exhaustive.
669] It would fail on the following inputs: inWithNull, outWithNull
669] 
669] [warn] core/src/main/scala/spinal/core/SInt.scala:391:5
669]     roundType match {
669]     ^^^^^^^^^
669] match may not be exhaustive.
669] It would fail on the following input: SCRAP
669] 
669] [warn] core/src/main/scala/spinal/core/UInt.scala:273:5
669]     roundType match{
669]     ^^^^^^^^^
669] match may not be exhaustive.
669] It would fail on the following input: SCRAP
669] 
669] [warn] core/src/main/scala/spinal/core/fiber/AsyncThread.scala:81:5
669]     done match {
669]     ^^^^
669] match may not be exhaustive.
669] It would fail on the following input: false
669] 
669] [warn] core/src/main/scala/spinal/core/internals/Phase.scala:1697:31
669]           case e: MemReadSync =>
669]                               ^^
669] unreachable code
669] 
669] [warn] core/src/main/scala/spinal/core/internals/Phase.scala:3116:12
669]         io.dir match {
669]            ^^^
669] match may not be exhaustive.
669] It would fail on the following inputs: inWithNull, inout, outWithNull
669] 
669] [warn] core/src/main/scala/spinal/core/internals/PhaseVerilog.scala:483:23
669]         val newName = IFlist match {
669]                       ^^^^^^
669] match may not be exhaustive.
669] It would fail on the following input: Nil
669] 
675/733] mill morph[2.13.12].testOnly morphhdl.ParameterizedStreamFifoDepthTests 60s
669] core.2_13_12.compile 19s
669] [warn] 4 deprecations
669] [warn] 82 deprecations (since 2.13.0)
669] [warn] 1 deprecation (since 2.13.11)
669] [warn] 1 deprecation (since 2.13.2)
669] [warn] 70 deprecations (since 2.13.3)
669] [warn] 1 deprecation (since 2.13.4)
669] [warn] 1 deprecation (since 9)
669] [warn] 160 deprecations in total; re-run with -deprecation for details
669] [warn] 4 feature warnings; re-run with -feature for details
669] [warn] 23 warnings found
669] [warn] source value 8 is obsolete and will be removed in a future release
669] [warn] target value 8 is obsolete and will be removed in a future release
669] [warn] To suppress warnings about obsolete options, use -Xlint:-options.
669] done compiling
681] morphruntime.2_13_12.compile
681] compiling 10 Scala sources to out/morphruntime/2.13.12/compile.dest/classes ...
681] [warn] 1 deprecation; re-run with -deprecation for details
681] [warn] one warning found
681] done compiling
688] morphplugin.2_13_12.compile
688] compiling 3 Scala sources to out/morphplugin/2.13.12/compile.dest/classes ...
688] [warn] morphplugin/src/main/scala/morphhdl/compiler/MorphHdlNativeIntShadowExpressionComponent.scala:83:28
688]   private final case class Rewrite(
688]                            ^
688] The outer reference in this type test cannot be checked at run time.
688] 
688] [warn] morphplugin/src/main/scala/morphhdl/compiler/MorphHdlNativeIntShadowExpressionComponent.scala:1073:30
688]     private final case class UnsafeAlternativeEffect(
688]                              ^
688] The outer reference in this type test cannot be checked at run time.
688] 
688] [warn] morphplugin/src/main/scala/morphhdl/compiler/MorphHdlNativeIntShadowExpressionComponent.scala:1262:30
688]     private final case class NativeConditionalAlternative(
688]                              ^
688] The outer reference in this type test cannot be checked at run time.
688] 
688] [warn] 1 deprecation; re-run with -deprecation for details
688] [warn] four warnings found
688] done compiling
710] lib.2_13_12.compile compiling 563 Scala sources to out/lib/2.13.12/compile.dest/classes ...
710] [warn] lib/src/main/scala/spinal/lib.scala:75:16
710]   implicit def fragmentFixer[T <: Data](_data: Fragment[T]) = new DataPimper(_data)
710]                ^^^^^^^^^^^^^^^^^^^^^^^^^^^^^^^^^^^^^^^^^^^^^^^^^^^^^^^^^^^^^^^^^^^^
710] Implicit definition should have explicit type (inferred spinal.core.DataPimper[spinal.lib.Fragment[T]]) [quickfixable]
710] 
710] [warn] lib/src/main/scala/spinal/lib/CrossClock.scala:144:15
710]       case c: BufferCC[Data] => {
710]               ^^^^^^^^^^^^^^
710] non-variable type argument spinal.core.Data in type pattern spinal.lib.BufferCC[spinal.core.Data] is unchecked since it is eliminated by erasure
710] 
710] [warn] lib/src/main/scala/spinal/lib/Utils.scala:672:19
710]         case bt : T => solveCombDriver(bt)
710]                   ^
710] abstract type pattern T is unchecked since it is eliminated by erasure
710] 
710] [warn] lib/src/main/scala/spinal/lib/bus/regif/Block/RegInst.scala:94:19
710]           case t: SpinalEnumCraft[SpinalEnum] => t.init(t.spinalEnum.elements(resetValue.toInt))
710]                   ^^^^^^^^^^^^^^^^^^^^^^^^^^^
710] non-variable type argument spinal.core.SpinalEnum in type pattern spinal.core.SpinalEnumCraft[spinal.core.SpinalEnum] is unchecked since it is eliminated by erasure
710] 
710] [warn] lib/src/main/scala/spinal/lib/bus/tilelink/coherent/Cache.scala:781:25
710]     val inserterStage = ctrl(0)
710]                         ^^^^
710] reference to ctrl is ambiguous;
710] it is both defined in the enclosing class Cache and inherited in the enclosing anonymous class as method ctrl (defined in class StageCtrlPipeline)
710] In Scala 2, symbols inherited from a superclass shadow symbols defined in an outer scope.
710] Such references are ambiguous in Scala 3. To continue using the inherited symbol, write `this.ctrl`.
710] Or use `-Wconf:msg=legacy-binding:s` to silence this warning. [quickfixable]
710] 
710] [warn] lib/src/main/scala/spinal/lib/bus/tilelink/coherent/Cache.scala:782:24
710]     val addressStage = ctrl(0)
710]                        ^^^^
710] reference to ctrl is ambiguous;
710] it is both defined in the enclosing class Cache and inherited in the enclosing anonymous class as method ctrl (defined in class StageCtrlPipeline)
710] In Scala 2, symbols inherited from a superclass shadow symbols defined in an outer scope.
710] Such references are ambiguous in Scala 3. To continue using the inherited symbol, write `this.ctrl`.
710] Or use `-Wconf:msg=legacy-binding:s` to silence this warning. [quickfixable]
710] 
710] [warn] lib/src/main/scala/spinal/lib/bus/tilelink/coherent/Cache.scala:783:21
710]     val dataStage = ctrl(1)
710]                     ^^^^
710] reference to ctrl is ambiguous;
710] it is both defined in the enclosing class Cache and inherited in the enclosing anonymous class as method ctrl (defined in class StageCtrlPipeline)
710] In Scala 2, symbols inherited from a superclass shadow symbols defined in an outer scope.
710] Such references are ambiguous in Scala 3. To continue using the inherited symbol, write `this.ctrl`.
710] Or use `-Wconf:msg=legacy-binding:s` to silence this warning. [quickfixable]
710] 
710] [warn] lib/src/main/scala/spinal/lib/bus/tilelink/coherent/Cache.scala:784:20
710]     val tagStage = ctrl(1)
710]                    ^^^^
710] reference to ctrl is ambiguous;
710] it is both defined in the enclosing class Cache and inherited in the enclosing anonymous class as method ctrl (defined in class StageCtrlPipeline)
710] In Scala 2, symbols inherited from a superclass shadow symbols defined in an outer scope.
710] Such references are ambiguous in Scala 3. To continue using the inherited symbol, write `this.ctrl`.
710] Or use `-Wconf:msg=legacy-binding:s` to silence this warning. [quickfixable]
710] 
710] [warn] lib/src/main/scala/spinal/lib/bus/tilelink/coherent/Cache.scala:785:21
710]     val prepStage = ctrl(1)
710]                     ^^^^
710] reference to ctrl is ambiguous;
710] it is both defined in the enclosing class Cache and inherited in the enclosing anonymous class as method ctrl (defined in class StageCtrlPipeline)
710] In Scala 2, symbols inherited from a superclass shadow symbols defined in an outer scope.
710] Such references are ambiguous in Scala 3. To continue using the inherited symbol, write `this.ctrl`.
710] Or use `-Wconf:msg=legacy-binding:s` to silence this warning. [quickfixable]
710] 
710] [warn] lib/src/main/scala/spinal/lib/bus/tilelink/coherent/Cache.scala:786:24
710]     val processStage = ctrl(2)
710]                        ^^^^
710] reference to ctrl is ambiguous;
710] it is both defined in the enclosing class Cache and inherited in the enclosing anonymous class as method ctrl (defined in class StageCtrlPipeline)
710] In Scala 2, symbols inherited from a superclass shadow symbols defined in an outer scope.
710] Such references are ambiguous in Scala 3. To continue using the inherited symbol, write `this.ctrl`.
710] Or use `-Wconf:msg=legacy-binding:s` to silence this warning. [quickfixable]
710] 
710] [warn] lib/src/main/scala/spinal/lib/bus/tilelink/coherent/Cache.scala:1428:25
710]     val inserterStage = ctrl(0)
710]                         ^^^^
710] reference to ctrl is ambiguous;
710] it is both defined in the enclosing class Cache and inherited in the enclosing anonymous class as method ctrl (defined in class StageCtrlPipeline)
710] In Scala 2, symbols inherited from a superclass shadow symbols defined in an outer scope.
710] Such references are ambiguous in Scala 3. To continue using the inherited symbol, write `this.ctrl`.
710] Or use `-Wconf:msg=legacy-binding:s` to silence this warning. [quickfixable]
710] 
710] [warn] lib/src/main/scala/spinal/lib/bus/tilelink/coherent/Cache.scala:1430:21
710]     val readStage = ctrl(1)
710]                     ^^^^
710] reference to ctrl is ambiguous;
710] it is both defined in the enclosing class Cache and inherited in the enclosing anonymous class as method ctrl (defined in class StageCtrlPipeline)
710] In Scala 2, symbols inherited from a superclass shadow symbols defined in an outer scope.
710] Such references are ambiguous in Scala 3. To continue using the inherited symbol, write `this.ctrl`.
710] Or use `-Wconf:msg=legacy-binding:s` to silence this warning. [quickfixable]
710] 
710] [warn] lib/src/main/scala/spinal/lib/bus/tilelink/coherent/Cache.scala:1431:24
710]     val processStage = ctrl(p.readProcessAt)
710]                        ^^^^
710] reference to ctrl is ambiguous;
710] it is both defined in the enclosing class Cache and inherited in the enclosing anonymous class as method ctrl (defined in class StageCtrlPipeline)
710] In Scala 2, symbols inherited from a superclass shadow symbols defined in an outer scope.
710] Such references are ambiguous in Scala 3. To continue using the inherited symbol, write `this.ctrl`.
710] Or use `-Wconf:msg=legacy-binding:s` to silence this warning. [quickfixable]
710] 
710] [warn] lib/src/main/scala/spinal/lib/bus/tilelink/coherent/Cache.scala:1527:25
710]     val inserterStage = ctrl(0)
710]                         ^^^^
710] reference to ctrl is ambiguous;
710] it is both defined in the enclosing class Cache and inherited in the enclosing anonymous class as method ctrl (defined in class StageCtrlPipeline)
710] In Scala 2, symbols inherited from a superclass shadow symbols defined in an outer scope.
710] Such references are ambiguous in Scala 3. To continue using the inherited symbol, write `this.ctrl`.
710] Or use `-Wconf:msg=legacy-binding:s` to silence this warning. [quickfixable]
710] 
710] [warn] lib/src/main/scala/spinal/lib/bus/tilelink/coherent/Cache.scala:1528:22
710]     val fetchStage = ctrl(0)
710]                      ^^^^
710] reference to ctrl is ambiguous;
710] it is both defined in the enclosing class Cache and inherited in the enclosing anonymous class as method ctrl (defined in class StageCtrlPipeline)
710] In Scala 2, symbols inherited from a superclass shadow symbols defined in an outer scope.
710] Such references are ambiguous in Scala 3. To continue using the inherited symbol, write `this.ctrl`.
710] Or use `-Wconf:msg=legacy-binding:s` to silence this warning. [quickfixable]
710] 
710] [warn] lib/src/main/scala/spinal/lib/bus/tilelink/coherent/Cache.scala:1529:21
710]     val readStage = ctrl(1)
710]                     ^^^^
710] reference to ctrl is ambiguous;
710] it is both defined in the enclosing class Cache and inherited in the enclosing anonymous class as method ctrl (defined in class StageCtrlPipeline)
710] In Scala 2, symbols inherited from a superclass shadow symbols defined in an outer scope.
710] Such references are ambiguous in Scala 3. To continue using the inherited symbol, write `this.ctrl`.
710] Or use `-Wconf:msg=legacy-binding:s` to silence this warning. [quickfixable]
710] 
710] [warn] lib/src/main/scala/spinal/lib/bus/tilelink/coherent/Cache.scala:1530:24
710]     val processStage = ctrl(2)
710]                        ^^^^
710] reference to ctrl is ambiguous;
710] it is both defined in the enclosing class Cache and inherited in the enclosing anonymous class as method ctrl (defined in class StageCtrlPipeline)
710] In Scala 2, symbols inherited from a superclass shadow symbols defined in an outer scope.
710] Such references are ambiguous in Scala 3. To continue using the inherited symbol, write `this.ctrl`.
710] Or use `-Wconf:msg=legacy-binding:s` to silence this warning. [quickfixable]
710] 
710] [warn] lib/src/main/scala/spinal/lib/bus/tilelink/coherent/Cache.scala:1714:25
710]     val inserterStage = ctrl(0)
710]                         ^^^^
710] reference to ctrl is ambiguous;
710] it is both defined in the enclosing class Cache and inherited in the enclosing anonymous class as method ctrl (defined in class StageCtrlPipeline)
710] In Scala 2, symbols inherited from a superclass shadow symbols defined in an outer scope.
710] Such references are ambiguous in Scala 3. To continue using the inherited symbol, write `this.ctrl`.
710] Or use `-Wconf:msg=legacy-binding:s` to silence this warning. [quickfixable]
710] 
710] [warn] lib/src/main/scala/spinal/lib/bus/tilelink/coherent/Cache.scala:1715:22
710]     val fetchStage = ctrl(0)
710]                      ^^^^
710] reference to ctrl is ambiguous;
710] it is both defined in the enclosing class Cache and inherited in the enclosing anonymous class as method ctrl (defined in class StageCtrlPipeline)
710] In Scala 2, symbols inherited from a superclass shadow symbols defined in an outer scope.
710] Such references are ambiguous in Scala 3. To continue using the inherited symbol, write `this.ctrl`.
710] Or use `-Wconf:msg=legacy-binding:s` to silence this warning. [quickfixable]
710] 
710] [warn] lib/src/main/scala/spinal/lib/bus/tilelink/coherent/Cache.scala:1716:21
710]     val readStage = ctrl(1)
710]                     ^^^^
710] reference to ctrl is ambiguous;
710] it is both defined in the enclosing class Cache and inherited in the enclosing anonymous class as method ctrl (defined in class StageCtrlPipeline)
710] In Scala 2, symbols inherited from a superclass shadow symbols defined in an outer scope.
710] Such references are ambiguous in Scala 3. To continue using the inherited symbol, write `this.ctrl`.
710] Or use `-Wconf:msg=legacy-binding:s` to silence this warning. [quickfixable]
710] 
710] [warn] lib/src/main/scala/spinal/lib/bus/tilelink/coherent/Cache.scala:1717:27
710]     val preprocessStage = ctrl(1)
710]                           ^^^^
710] reference to ctrl is ambiguous;
710] it is both defined in the enclosing class Cache and inherited in the enclosing anonymous class as method ctrl (defined in class StageCtrlPipeline)
710] In Scala 2, symbols inherited from a superclass shadow symbols defined in an outer scope.
710] Such references are ambiguous in Scala 3. To continue using the inherited symbol, write `this.ctrl`.
710] Or use `-Wconf:msg=legacy-binding:s` to silence this warning. [quickfixable]
710] 
710] [warn] lib/src/main/scala/spinal/lib/bus/tilelink/coherent/Cache.scala:1718:24
710]     val processStage = ctrl(2)
710]                        ^^^^
710] reference to ctrl is ambiguous;
710] it is both defined in the enclosing class Cache and inherited in the enclosing anonymous class as method ctrl (defined in class StageCtrlPipeline)
710] In Scala 2, symbols inherited from a superclass shadow symbols defined in an outer scope.
710] Such references are ambiguous in Scala 3. To continue using the inherited symbol, write `this.ctrl`.
710] Or use `-Wconf:msg=legacy-binding:s` to silence this warning. [quickfixable]
710] 
710] [warn] lib/src/main/scala/spinal/lib/bus/tilelink/sim/BridgeTestbench.scala:11:16
710]   implicit val idAllocator = new IdAllocator(DebugId.width)
710]                ^
710] Implicit definition should have explicit type (inferred spinal.lib.bus.tilelink.sim.IdAllocator) [quickfixable]
710] 
710] [warn] lib/src/main/scala/spinal/lib/bus/tilelink/sim/BridgeTestbench.scala:12:16
710]   implicit val idCallback = new IdCallback
710]                ^
710] Implicit definition should have explicit type (inferred spinal.lib.bus.tilelink.sim.IdCallback) [quickfixable]
710] 
710] [warn] lib/src/main/scala/spinal/lib/bus/tilelink/sim/MemoryAgent.scala:19:16
710]   implicit val _ = sm
710]                ^^^^^^
710] Pattern definition introduces Unit-valued member of MemoryAgent; consider wrapping it in `locally { ... }`.
710] 
710] [warn] lib/src/main/scala/spinal/lib/cpu/riscv/impl/ICache.scala:258:18
710]     implicit val p = InstructionCacheConfig(
710]                  ^
710] Implicit definition should have explicit type (inferred spinal.lib.cpu.riscv.impl.InstructionCacheConfig) [quickfixable]
710] 
710] [warn] lib/src/main/scala/spinal/lib/cpu/riscv/impl/bench/CoreUut.scala:11:18
710]     implicit val toto = p
710]                  ^
710] Implicit definition should have explicit type (inferred spinal.lib.cpu.riscv.impl.RiscvCoreConfig) [quickfixable]
710] 
710] [warn] lib/src/main/scala/spinal/lib/misc/pipeline/CtrlLink.scala:147:16
710]   implicit def bundlePimper[T <: Bundle](stageable: Payload[T]) = new BundlePimper[T](this (stageable))
710]                ^^^^^^^^^^^^^^^^^^^^^^^^^^^^^^^^^^^^^^^^^^^^^^^^^^^^^^^^^^^^^^^^^^^^^^^^^^^^^^^^^^^^^^^^
710] Implicit definition should have explicit type (inferred CtrlApi.this.BundlePimper[T])
710] 
710] [warn] lib/src/main/scala/spinal/lib/misc/pipeline/Node.scala:65:16
710]   implicit def bundlePimper[T <: Bundle](stageable: Payload[T]) = new  BundlePimper[T](this(stageable))
710]                ^^^^^^^^^^^^^^^^^^^^^^^^^^^^^^^^^^^^^^^^^^^^^^^^^^^^^^^^^^^^^^^^^^^^^^^^^^^^^^^^^^^^^^^^
710] Implicit definition should have explicit type (inferred NodeBaseApi.this.BundlePimper[T])
710] 
710] [warn] lib/src/main/scala/spinal/lib/misc/test/MultithreadedTester.scala:57:16
710]   implicit val ec = ExecutionContext.fromExecutorService(
710]                ^
710] Implicit definition should have explicit type (inferred scala.concurrent.ExecutionContextExecutorService) [quickfixable]
710] 
710] [warn] lib/src/main/scala/spinal/lib/pipeline/Play.scala:112:20
710]       implicit val pip = new Pipeline
710]                    ^
710] Implicit definition should have explicit type (inferred spinal.lib.pipeline.Pipeline) [quickfixable]
710] 
710] [warn] lib/src/main/scala/spinal/lib/pipeline/Stage.scala:137:16
710]   implicit def stageablePiped[T <: Data](stageable: Stageable[T])(implicit key : StageableOffset = StageableOffsetNone) = Stage.this(stageable, key.value)
710]                ^^^^^^^^^^^^^^^^^^^^^^^^^^^^^^^^^^^^^^^^^^^^^^^^^^^^^^^^^^^^^^^^^^^^^^^^^^^^^^^^^^^^^^^^^^^^^^^^^^^^^^^^^^^^^^^^^^^^^^^^^^^^^^^^^^^^^^^^^^^
710] Implicit definition should have explicit type (inferred T)
710] 
710] [warn] lib/src/main/scala/spinal/lib/pipeline/Stage.scala:138:16
710]   implicit def stageablePiped2[T <: Data](stageable: Stageable[T]) = new {
710]                ^
710] Implicit definition should have explicit type (inferred AnyRef{def of(key: Any): T})
710] 
710] [warn] lib/src/main/scala/spinal/lib/pipeline/Stage.scala:142:16
710]   implicit def stageablePiped3[T <: Data](key: Tuple2[Stageable[T], Any]) = Stage.this(key._1, key._2)
710]                ^^^^^^^^^^^^^^^^^^^^^^^^^^^^^^^^^^^^^^^^^^^^^^^^^^^^^^^^^^^^^^^^^^^^^^^^^^^^^^^^^^^^^^^
710] Implicit definition should have explicit type (inferred T)
710] 
710] [warn] lib/src/main/scala/spinal/lib/pipeline/Stage.scala:145:16
710]   implicit def stageablePipedVec2[T <: Data](stageable: Stageable[Vec[T]]) = new {
710]                ^
710] Implicit definition should have explicit type (inferred AnyRef{def of(key: Any): spinal.core.Vec[T]})
710] 
710] [warn] lib/src/main/scala/spinal/lib/pipeline/Stage.scala:148:16
710]   implicit def stageablePipedVec3[T <: Data](key: Tuple2[Stageable[Vec[T]], Any]) = Stage.this(key._1, key._2)
710]                ^^^^^^^^^^^^^^^^^^^^^^^^^^^^^^^^^^^^^^^^^^^^^^^^^^^^^^^^^^^^^^^^^^^^^^^^^^^^^^^^^^^^^^^^^^^^^^^
710] Implicit definition should have explicit type (inferred spinal.core.Vec[T])
710] 
710] [warn] lib/src/main/scala/spinal/lib/sim/Stream.scala:90:16
710]   implicit val _ = sm
710]                ^^^^^^
710] Pattern definition introduces Unit-valued member of StreamDriver; consider wrapping it in `locally { ... }`.
710] 
710] [warn] lib/src/main/scala/spinal/lib/sim/Stream.scala:256:16
710]   implicit val _ = sm
710]                ^^^^^^
710] Pattern definition introduces Unit-valued member of StreamDriverOoo; consider wrapping it in `locally { ... }`.
710] 
710] [warn] lib/src/main/scala/spinal/lib/bus/bmb/BmbGenerators.scala:184:16
710]   override def getBus(): Handle[Nameable] = ctrl
710]                ^^^^^^
710] method with a single empty parameter list overrides method getBus in trait InterruptCtrlGeneratorI defined without a parameter list [quickfixable]
710] 
710] [warn] lib/src/main/scala/spinal/lib/bus/regif/Block/RamInst.scala:28:16
710]   override def readBits: Bits = bus.rdat
710]                ^^^^^^^^
710] method without a parameter list overrides method readBits in class RegSlice defined with a single empty parameter list [quickfixable]
710] 
710] [warn] lib/src/main/scala/spinal/lib/bus/regif/Block/RdFifoInst.scala:18:16
710]   override def readBits: Bits = bus.payload
710]                ^^^^^^^^
710] method without a parameter list overrides method readBits in class RegSlice defined with a single empty parameter list [quickfixable]
710] 
710] [warn] lib/src/main/scala/spinal/lib/bus/regif/Block/RegBase.scala:23:7
710]   def readBits: Bits = {
710]       ^^^^^^^^
710] method without a parameter list overrides method readBits in class RegSlice defined with a single empty parameter list [quickfixable]
710] 
710] [warn] lib/src/main/scala/spinal/lib/bus/regif/Block/VirtualRegInst.scala:7:16
710]   override def readBits: Bits = busif.defaultReadBits
710]                ^^^^^^^^
710] method without a parameter list overrides method readBits in class RegBase defined with a single empty parameter list [quickfixable]
710] 
710] [warn] lib/src/main/scala/spinal/lib/bus/regif/Block/WrFifoInst.scala:20:16
710]   override def readBits: Bits = bi.defaultReadBits
710]                ^^^^^^^^
710] method without a parameter list overrides method readBits in class RegSlice defined with a single empty parameter list [quickfixable]
710] 
710] [warn] lib/src/main/scala/spinal/lib/com/usb/ohci/UsbOhciTilelinkFiber.scala:46:17
710]       if(ctrlCd == phyCd) {
710]                 ^^^^^^^^
710] comparing values of types spinal.core.ClockDomain and spinal.core.fiber.Handle[spinal.core.ClockDomain] using `==` will always yield false
710] 
710] [warn] lib/src/main/scala/spinal/lib/generator/ClockDomainGenerator.scala:272:5
710]     generator
710]     ^^^^^^^^^
710] multiline expressions might require enclosing parentheses; a value can be silently discarded when Unit is expected
710] 
710] [warn] lib/src/main/scala/spinal/lib/Utils.scala:661:32
710]     case e: MemReadSync => body(e)
710]                                ^^^
710] unreachable code
710] 
710] [warn] lib/src/main/scala/spinal/lib/bus/bmb/Bmb.scala:561:38
710]   def resize(dataWidth : Int): Bmb = this match {
710]                                      ^^^^
710] match may not be exhaustive.
710] 
710] [warn] lib/src/main/scala/spinal/lib/bus/fabric/MappedConnection.scala:24:55
710]     override def transformers = MappedConnection.this.userMapping match {
710]                                                       ^^^^^^^^^^^
710] match may not be exhaustive.
710] It would fail on the following input: Some((x: Any forSome x not in (BigInt, DefaultMapping, spinal.lib.bus.misc.AddressMapping)))
710] 
710] [warn] lib/src/main/scala/spinal/lib/bus/fabric/MappedConnection.scala:34:29
710]       MappedConnection.this.userMapping match {
710]                             ^^^^^^^^^^^
710] match may not be exhaustive.
710] It would fail on the following input: Some((x: Any forSome x not in (BigInt, DefaultMapping, spinal.lib.bus.misc.AddressMapping)))
710] 
710] [warn] lib/src/main/scala/spinal/lib/bus/fabric/MappedConnection.scala:48:5
710]     userMapping match {
710]     ^^^^^^^^^^^
710] match may not be exhaustive.
710] It would fail on the following input: Some((x: Any forSome x not in (BigInt, DefaultMapping, spinal.lib.bus.misc.AddressMapping)))
710] 
710] [warn] lib/src/main/scala/spinal/lib/bus/fabric/MappedConnection.scala:57:5
710]     userMapping match {
710]     ^^^^^^^^^^^
710] match may not be exhaustive.
710] It would fail on the following input: Some((x: Any forSome x not in (BigInt, DefaultMapping, spinal.lib.bus.misc.AddressMapping)))
710] 
710] [warn] lib/src/main/scala/spinal/lib/bus/regif/Block/RegBase.scala:325:7
710]       accType match {
710]       ^^^^^^^
710] Exhaustivity analysis reached max recursion depth, not all missing cases are reported.
710] (Please try with scalac -Ypatmat-exhaust-depth 40 or -Ypatmat-exhaust-depth off.)
710] 
710] [warn] lib/src/main/scala/spinal/lib/bus/regif/Block/RegBase.scala:356:7
710]       accType match {
710]       ^^^^^^^
710] Exhaustivity analysis reached max recursion depth, not all missing cases are reported.
710] (Please try with scalac -Ypatmat-exhaust-depth 40 or -Ypatmat-exhaust-depth off.)
710] 
710] [warn] lib/src/main/scala/spinal/lib/bus/regif/Block/RegInst.scala:320:21
710]     val ret: Bits = acc match {
710]                     ^^^
710] match may not be exhaustive.
710] It would fail on the following inputs: W1CHS, W1I, W1SHS
710] 
710] [warn] lib/src/main/scala/spinal/lib/bus/regif/Block/RegSlice.scala:35:13
710]       Option(sec) match {
710]             ^^^^^
710] match may not be exhaustive.
710] It would fail on the following input: Some((x: spinal.lib.bus.regif.Secure forSome x not in (spinal.lib.bus.regif.Secure.CS, spinal.lib.bus.regif.Secure.MS)))
710] 
710] [warn] lib/src/main/scala/spinal/lib/bus/tilelink/sim/Checker.scala:223:25
710]         inflightC.remove(d.source -> d.address) match {
710]                         ^^^^^^^^^^^^^^^^^^^^^^^
710] match may not be exhaustive.
710] It would fail on the following input: None
710] 
710] [warn] lib/src/main/scala/spinal/lib/bus/tilelink/sim/Checker.scala:239:21
710]     inflightD.remove(e.sink) match {
710]                     ^^^^^^^^
710] match may not be exhaustive.
710] It would fail on the following input: None
710] 
710] [warn] lib/src/main/scala/spinal/lib/dsptool/FixData.scala:30:26
710]       val rounded = this.roundType match {
710]                          ^^^^^^^^^
710] match may not be exhaustive.
710] It would fail on the following input: SCRAP
710] 
710] [warn] lib/src/main/scala/spinal/lib/eda/TimingExtractor.scala:143:49
710]     case bt : BaseType if bt.isComb => bt.getTag(classOf[ClockDomainTag]) match {
710]                                                 ^^^^^^^^^^^^^^^^^^^^^^^^^
710] match may not be exhaustive.
710] It would fail on the following input: None
710] 
710] [warn] lib/src/main/scala/spinal/lib/io/InOutVecToBits.scala:22:7
710]     e.getDirection match {
710]       ^^^^^^^^^^^^
710] match may not be exhaustive.
710] It would fail on the following inputs: inWithNull, inout, outWithNull
710] 
710] [warn] lib/src/main/scala/spinal/lib/io/InOutVecToBits.scala:36:13
710]         key.getDirection match {
710]             ^^^^^^^^^^^^
710] match may not be exhaustive.
710] It would fail on the following inputs: inWithNull, inout, outWithNull
710] 
710] [warn] lib/src/main/scala/spinal/lib/pipeline/Pipeline.scala:171:22
710]       stageDriver.get(stage) match {
710]                      ^^^^^^^
710] match may not be exhaustive.
710] It would fail on the following input: Some((x: Any forSome x not in Pipeline.this.ConnectionModel))
710] 
710] [warn] lib/src/main/scala/spinal/lib/system/dma/sg/MemoryCore.scala:112:7
710]       (p.writes(self).absolutePriority, p.writes(other).absolutePriority) match {
710]       ^^^^^^^^^^^^^^^^^^^^^^^^^^^^^^^^^^^^^^^^^^^^^^^^^^^^^^^^^^^^^^^^^^^
710] match may not be exhaustive.
710] It would fail on the following input: (true, true)
710] 
710] [warn] lib/src/main/scala/spinal/lib/system/dma/sg/MemoryCore.scala:198:7
710]       (p.reads(self).absolutePriority, p.reads(other).absolutePriority) match {
710]       ^^^^^^^^^^^^^^^^^^^^^^^^^^^^^^^^^^^^^^^^^^^^^^^^^^^^^^^^^^^^^^^^^
710] match may not be exhaustive.
710] It would fail on the following input: (true, true)
710] 
709/733] mill morph[2.13.12].testOnly morphhdl.ParameterizedStreamFifoDepthTests 120s
710] lib.2_13_12.compile 45s
710] [warn] 28 deprecations
710] [warn] 3 deprecations (since 2.13)
710] [warn] 373 deprecations (since 2.13.0)
710] [warn] 23 deprecations (since 2.13.2)
710] [warn] 437 deprecations (since 2.13.3)
710] [warn] 1 deprecation (since 2022-12-31)
710] [warn] 1 deprecation (since 2026.12.30)
710] [warn] 866 deprecations in total; re-run with -deprecation for details
710] [warn] 133 feature warnings; re-run with -feature for details
710] [warn] 74 warnings found
710] done compiling
715] frontend.2_13_12.compile
715] compiling 31 Scala sources to out/frontend/2.13.12/compile.dest/classes ...
715] [warn] 1 deprecation; re-run with -deprecation for details
715] [warn] 2 feature warnings; re-run with -feature for details
715] [warn] two warnings found
715] done compiling
720] morph.2_13_12.compile
720] compiling 12 Scala sources to out/morph/2.13.12/compile.dest/classes ...
720] [warn] 1 deprecation
720] [warn] 1 deprecation (since 2.13.0)
720] [warn] 2 deprecations in total; re-run with -deprecation for details
720] [warn] three warnings found
720] done compiling
725] morph.2_13_12.test.compile
725] compiling 44 Scala sources to out/morph/2.13.12/test/compile.dest/classes ...
725] [warn] 1 deprecation
725] [warn] 20 deprecations (since 2.13.0)
725] [warn] 21 deprecations in total; re-run with -deprecation for details
725] [warn] three warnings found
725] done compiling
733] morph.2_13_12.test.testOnly Running Test Class morphhdl.ParameterizedStreamFifoDepthTests
733] [32mParameterizedStreamFifoDepthTests:[39m
733] [Runtime] SpinalHDL dev    git head : 18d21fb463f3e5862fd88648723bf2813fe40246
733] [Runtime] JVM max memory : 3998.0MiB
733] [Runtime] Current date : 2026.08.25 12:34:45
733] [Progress] at 0.000 : Elaborate components
733] [Progress] at 0.343 : Checks and transforms
733] spinal.core.SpinalExit$.apply(Misc.scala:459)
733] spinal.core.SpinalError$.apply(Misc.scala:514)
733] spinal.core.internals.PhaseContext.checkPendingErrors(Phase.scala:178)
733] spinal.core.internals.PhaseContext.doPhase(Phase.scala:194)
733] spinal.core.internals.SpinalVerilogBoot$.$anonfun$singleShot$8(Phase.scala:3563)
733] spinal.core.internals.SpinalVerilogBoot$.$anonfun$singleShot$8$adapted(Phase.scala:3561)
733] scala.collection.IterableOnceOps.foreach(IterableOnce.scala:576)
733] scala.collection.IterableOnceOps.foreach$(IterableOnce.scala:574)
733] scala.collection.AbstractIterable.foreach(Iterable.scala:933)
733] spinal.core.internals.SpinalVerilogBoot$.$anonfun$singleShot$7(Phase.scala:3561)
733] spinal.core.ScopeProperty$.sandbox(ScopeProperty.scala:71)
733] spinal.core.internals.SpinalVerilogBoot$.singleShot(Phase.scala:3552)
733] spinal.core.internals.SpinalVerilogBoot$.apply(Phase.scala:3521)
733] spinal.core.Spinal$.apply(Spinal.scala:480)
733] spinal.core.SpinalConfig.generateVerilog(Spinal.scala:230)
733] morphhdl.integration.ExternalSpinalVerilog$.run(ExternalSpinalVerilog.scala:209)
733] morphhdl.integration.ExternalSpinalVerilog$.transform(ExternalSpinalVerilog.scala:159)
733] morphhdl.MorphVerilog$.runSingleSourceNative(MorphVerilog.scala:219)
733] morphhdl.MorphVerilog$.prepareSingleSource(MorphVerilog.scala:200)
733] morphhdl.MorphVerilog$.runSingleSource(MorphVerilog.scala:167)
733] morphhdl.MorphVerilog$.morphhdl$MorphVerilog$$tryGenerateSingleSource(MorphVerilog.scala:156)
733] morphhdl.MorphVerilog$.morphhdl$MorphVerilog$$generateSingleSource(MorphVerilog.scala:129)
733] morphhdl.MorphVerilog$Configured.apply(MorphVerilog.scala:96)
733] morphhdl.ParameterizedStreamFifoDepthTests.$anonfun$new$2(ParameterizedStreamFifoDepthTests.scala:60)
733] morphhdl.ParameterizedStreamFifoDepthTests.$anonfun$new$2$adapted(ParameterizedStreamFifoDepthTests.scala:52)
733] morphhdl.ParameterizedStreamFifoDepthTests.withTemporaryDirectory(ParameterizedStreamFifoDepthTests.scala:323)
733] morphhdl.ParameterizedStreamFifoDepthTests.$anonfun$new$1(ParameterizedStreamFifoDepthTests.scala:52)
733] scala.runtime.java8.JFunction0$mcV$sp.apply(JFunction0$mcV$sp.scala:18)
733] org.scalatest.OutcomeOf.outcomeOf(OutcomeOf.scala:85)
733] org.scalatest.OutcomeOf.outcomeOf$(OutcomeOf.scala:83)
733] org.scalatest.OutcomeOf$.outcomeOf(OutcomeOf.scala:104)
733] org.scalatest.Transformer.apply(Transformer.scala:22)
733] org.scalatest.Transformer.apply(Transformer.scala:20)
733] org.scalatest.funsuite.AnyFunSuiteLike$$anon$1.apply(AnyFunSuiteLike.scala:226)
733] org.scalatest.TestSuite.withFixture(TestSuite.scala:196)
733] org.scalatest.TestSuite.withFixture$(TestSuite.scala:195)
733] org.scalatest.funsuite.AnyFunSuite.withFixture(AnyFunSuite.scala:1564)
733] org.scalatest.funsuite.AnyFunSuiteLike.invokeWithFixture$1(AnyFunSuiteLike.scala:224)
733] org.scalatest.funsuite.AnyFunSuiteLike.$anonfun$runTest$1(AnyFunSuiteLike.scala:236)
733] org.scalatest.SuperEngine.runTestImpl(Engine.scala:306)
733] org.scalatest.funsuite.AnyFunSuiteLike.runTest(AnyFunSuiteLike.scala:236)
733] org.scalatest.funsuite.AnyFunSuiteLike.runTest$(AnyFunSuiteLike.scala:218)
733] org.scalatest.funsuite.AnyFunSuite.runTest(AnyFunSuite.scala:1564)
733] org.scalatest.funsuite.AnyFunSuiteLike.$anonfun$runTests$1(AnyFunSuiteLike.scala:269)
733] org.scalatest.SuperEngine.$anonfun$runTestsInBranch$1(Engine.scala:413)
733] scala.collection.immutable.List.foreach(List.scala:333)
733] org.scalatest.SuperEngine.traverseSubNodes$1(Engine.scala:401)
733] org.scalatest.SuperEngine.runTestsInBranch(Engine.scala:396)
733] org.scalatest.SuperEngine.runTestsImpl(Engine.scala:475)
733] org.scalatest.funsuite.AnyFunSuiteLike.runTests(AnyFunSuiteLike.scala:269)
733] org.scalatest.funsuite.AnyFunSuiteLike.runTests$(AnyFunSuiteLike.scala:268)
733] org.scalatest.funsuite.AnyFunSuite.runTests(AnyFunSuite.scala:1564)
733] org.scalatest.Suite.run(Suite.scala:1114)
733] org.scalatest.Suite.run$(Suite.scala:1096)
733] org.scalatest.funsuite.AnyFunSuite.org$scalatest$funsuite$AnyFunSuiteLike$$super$run(AnyFunSuite.scala:1564)
733] org.scalatest.funsuite.AnyFunSuiteLike.$anonfun$run$1(AnyFunSuiteLike.scala:273)
733] org.scalatest.SuperEngine.runImpl(Engine.scala:535)
733] org.scalatest.funsuite.AnyFunSuiteLike.run(AnyFunSuiteLike.scala:273)
733] org.scalatest.funsuite.AnyFunSuiteLike.run$(AnyFunSuiteLike.scala:272)
733] org.scalatest.funsuite.AnyFunSuite.run(AnyFunSuite.scala:1564)
733] org.scalatest.tools.Framework.org$scalatest$tools$Framework$$runSuite(Framework.scala:321)
733] org.scalatest.tools.Framework$ScalaTestTask.execute(Framework.scala:517)
733] mill.javalib.testrunner.TestRunnerUtils$.executeTasks(TestRunnerUtils.scala:180)
733] mill.javalib.testrunner.TestRunnerUtils$.runClaimedTestClass$1(TestRunnerUtils.scala:318)
733] mill.javalib.testrunner.TestRunnerUtils$.runTasksFromQueue$$anonfun$1$$anonfun$1(TestRunnerUtils.scala:332)
733] mill.javalib.testrunner.TestRunnerUtils$.runTasksFromQueue$$anonfun$1$$anonfun$adapted$1(TestRunnerUtils.scala:332)
733] mill.javalib.testrunner.TestRunnerUtils$.logClaim$1(TestRunnerUtils.scala:326)
733] mill.javalib.testrunner.TestRunnerUtils$.runTasksFromQueue$$anonfun$1(TestRunnerUtils.scala:332)
733] scala.runtime.function.JProcedure1.apply(JProcedure1.java:15)
733] scala.runtime.function.JProcedure1.apply(JProcedure1.java:10)
733] scala.Option.foreach(Option.scala:437)
733] mill.javalib.testrunner.TestRunnerUtils$.runTasksFromQueue(TestRunnerUtils.scala:331)
733] mill.javalib.testrunner.TestRunnerUtils$.queueTestFramework0(TestRunnerUtils.scala:379)
733] mill.javalib.testrunner.MillTestRunnerMain0$.main0(TestRunnerMain0.scala:33)
733] mill.javalib.testrunner.MillTestRunnerMain0.main0(TestRunnerMain0.scala)
733] java.base/jdk.internal.reflect.DirectMethodHandleAccessor.invoke(DirectMethodHandleAccessor.java:103)
733] java.base/java.lang.reflect.Method.invoke(Method.java:580)
733] mill.javalib.testrunner.entrypoint.MillTestRunnerMain.main(MillTestRunnerMain.java:42)
733] 
733] **********************************************************************************************
733] [Warning] Elaboration failed (3 errors).
733]           Spinal will restart with scala trace to help you to find the problem.
733] **********************************************************************************************
733] 
733] [Progress] at 0.440 : Elaborate components
733] [Progress] at 0.494 : Checks and transforms
733] [31m- one native StreamFifo definition preserves depths 1, 3, 5 and 8 *** FAILED ***[39m
733] [31m  morphhdl.MorphVerilogException: MorphVerilog single-source-generation failed: [39m
733] 
733] 
733] [31m Error detected in phase PhaseCheck_noLatchNoOverride[39m
733] [31m********************************************************************************[39m
733] [31m********************************************************************************[39m
733] 
733] [31mASSIGNMENT OVERLAP: Signal (toplevel/fifo/logic_ptr_full :  Bool) assigned at[39m
733] [31m    at spinal.lib.StreamFifo$$anon$51$$anon$52$$anon$53.$anonfun$area$3(Stream.scala:1582)[39m
733] [31m    at spinal.lib.StreamFifo$$anon$51$$anon$52$$anon$53.$anonfun$area$1(Stream.scala:1581)[39m
733] [31m    at spinal.lib.StreamFifo$$anon$51$$anon$52$$anon$53.<init>(Stream.scala:1576)[39m
733] [31m    at spinal.lib.StreamFifo$$anon$51$$anon$52.<init>(Stream.scala:1574)[39m
733] [31m    at spinal.lib.StreamFifo$$anon$51.<init>(Stream.scala:1565)[39m
733] [31m    at spinal.lib.StreamFifo.$anonfun$logic$3(Stream.scala:1556)[39m
733] [31m    at spinal.lib.StreamFifo.<init>(Stream.scala:1556)[39m
733] [31m    at spinal.lib.StreamFifo$.$anonfun$apply$18(Stream.scala:1476)[39m
733] [31m    at spinal.lib.StreamFifo$.$anonfun$apply$18$adapted(Stream.scala:1476)[39m
733] [31m    at spinal.lib.StreamFifo$.apply(Stream.scala:1476)[39m
733] [31m    at morphhdl.NativeParameterizedStreamFifoHarness.<init>(ParameterizedStreamFifoDepthTests.scala:30)[39m
733] [31m    at morphhdl.ParameterizedStreamFifoDepthTests.component(ParameterizedStreamFifoDepthTests.scala:48)[39m
733] [31m    at morphhdl.ParameterizedStreamFifoDepthTests.$anonfun$new$3(ParameterizedStreamFifoDepthTests.scala:60)[39m
733] [31m    at morphhdl.MorphVerilog$.$anonfun$runSingleSourceNative$1(MorphVerilog.scala:214)[39m
733] [31m    at morphhdl.integration.ExternalSpinalVerilog$.$anonfun$run$3(ExternalSpinalVerilog.scala:210)[39m
733] 
733] 
733] [31mcompletely overlaps the previous assignment made at[39m
733] [31m    at spinal.lib.StreamFifo$$anon$51$$anon$52$$anon$53.$anonfun$area$2(Stream.scala:1578)[39m
733] [31m    at spinal.lib.StreamFifo$$anon$51$$anon$52$$anon$53.$anonfun$area$1(Stream.scala:1581)[39m
733] [31m    at spinal.lib.StreamFifo$$anon$51$$anon$52$$anon$53.<init>(Stream.scala:1576)[39m
733] [31m    at spinal.lib.StreamFifo$$anon$51$$anon$52.<init>(Stream.scala:1574)[39m
733] [31m    at spinal.lib.StreamFifo$$anon$51.<init>(Stream.scala:1565)[39m
733] [31m    at spinal.lib.StreamFifo.$anonfun$logic$3(Stream.scala:1556)[39m
733] [31m    at spinal.lib.StreamFifo.<init>(Stream.scala:1556)[39m
733] [31m    at spinal.lib.StreamFifo$.$anonfun$apply$18(Stream.scala:1476)[39m
733] [31m    at spinal.lib.StreamFifo$.$anonfun$apply$18$adapted(Stream.scala:1476)[39m
733] [31m    at spinal.lib.StreamFifo$.apply(Stream.scala:1476)[39m
733] [31m    at morphhdl.NativeParameterizedStreamFifoHarness.<init>(ParameterizedStreamFifoDepthTests.scala:30)[39m
733] [31m    at morphhdl.ParameterizedStreamFifoDepthTests.component(ParameterizedStreamFifoDepthTests.scala:48)[39m
733] [31m    at morphhdl.ParameterizedStreamFifoDepthTests.$anonfun$new$3(ParameterizedStreamFifoDepthTests.scala:60)[39m
733] [31m    at morphhdl.MorphVerilog$.$anonfun$runSingleSourceNative$1(MorphVerilog.scala:214)[39m
733] [31m    at morphhdl.integration.ExternalSpinalVerilog$.$anonfun$run$3(ExternalSpinalVerilog.scala:210)[39m
733] 
733] 
733] [31m********************************************************************************[39m
733] [31m********************************************************************************[39m
733] 
733] [31mASSIGNMENT OVERLAP: Signal (toplevel/fifo/logic_ptr_empty :  Bool) assigned at[39m
733] [31m    at spinal.lib.StreamFifo$$anon$51$$anon$52$$anon$53.$anonfun$area$3(Stream.scala:1583)[39m
733] [31m    at spinal.lib.StreamFifo$$anon$51$$anon$52$$anon$53.$anonfun$area$1(Stream.scala:1581)[39m
733] [31m    at spinal.lib.StreamFifo$$anon$51$$anon$52$$anon$53.<init>(Stream.scala:1576)[39m
733] [31m    at spinal.lib.StreamFifo$$anon$51$$anon$52.<init>(Stream.scala:1574)[39m
733] [31m    at spinal.lib.StreamFifo$$anon$51.<init>(Stream.scala:1565)[39m
733] [31m    at spinal.lib.StreamFifo.$anonfun$logic$3(Stream.scala:1556)[39m
733] [31m    at spinal.lib.StreamFifo.<init>(Stream.scala:1556)[39m
733] [31m    at spinal.lib.StreamFifo$.$anonfun$apply$18(Stream.scala:1476)[39m
733] [31m    at spinal.lib.StreamFifo$.$anonfun$apply$18$adapted(Stream.scala:1476)[39m
733] [31m    at spinal.lib.StreamFifo$.apply(Stream.scala:1476)[39m
733] [31m    at morphhdl.NativeParameterizedStreamFifoHarness.<init>(ParameterizedStreamFifoDepthTests.scala:30)[39m
733] [31m    at morphhdl.ParameterizedStreamFifoDepthTests.component(ParameterizedStreamFifoDepthTests.scala:48)[39m
733] [31m    at morphhdl.ParameterizedStreamFifoDepthTests.$anonfun$new$3(ParameterizedStreamFifoDepthTests.scala:60)[39m
733] [31m    at morphhdl.MorphVerilog$.$anonfun$runSingleSourceNative$1(MorphVerilog.scala:214)[39m
733] [31m    at morphhdl.integration.ExternalSpinalVerilog$.$anonfun$run$3(ExternalSpinalVerilog.scala:210)[39m
733] 
733] 
733] [31mcompletely overlaps the previous assignment made at[39m
733] [31m    at spinal.lib.StreamFifo$$anon$51$$anon$52$$anon$53.$anonfun$area$2(Stream.scala:1579)[39m
733] [31m    at spinal.lib.StreamFifo$$anon$51$$anon$52$$anon$53.$anonfun$area$1(Stream.scala:1581)[39m
733] [31m    at spinal.lib.StreamFifo$$anon$51$$anon$52$$anon$53.<init>(Stream.scala:1576)[39m
733] [31m    at spinal.lib.StreamFifo$$anon$51$$anon$52.<init>(Stream.scala:1574)[39m
733] [31m    at spinal.lib.StreamFifo$$anon$51.<init>(Stream.scala:1565)[39m
733] [31m    at spinal.lib.StreamFifo.$anonfun$logic$3(Stream.scala:1556)[39m
733] [31m    at spinal.lib.StreamFifo.<init>(Stream.scala:1556)[39m
733] [31m    at spinal.lib.StreamFifo$.$anonfun$apply$18(Stream.scala:1476)[39m
733] [31m    at spinal.lib.StreamFifo$.$anonfun$apply$18$adapted(Stream.scala:1476)[39m
733] [31m    at spinal.lib.StreamFifo$.apply(Stream.scala:1476)[39m
733] [31m    at morphhdl.NativeParameterizedStreamFifoHarness.<init>(ParameterizedStreamFifoDepthTests.scala:30)[39m
733] [31m    at morphhdl.ParameterizedStreamFifoDepthTests.component(ParameterizedStreamFifoDepthTests.scala:48)[39m
733] [31m    at morphhdl.ParameterizedStreamFifoDepthTests.$anonfun$new$3(ParameterizedStreamFifoDepthTests.scala:60)[39m
733] [31m    at morphhdl.MorphVerilog$.$anonfun$runSingleSourceNative$1(MorphVerilog.scala:214)[39m
733] [31m    at morphhdl.integration.ExternalSpinalVerilog$.$anonfun$run$3(ExternalSpinalVerilog.scala:210)[39m
733] 
733] 
733] [31m********************************************************************************[39m
733] [31m********************************************************************************[39m
733] 
733] [31mDesign's errors are listed above.[39m
733] [31mSpinalHDL compiler exit stack :[39m
733] [31m  at morphhdl.MorphVerilog$.morphhdl$MorphVerilog$$generateSingleSource(MorphVerilog.scala:131)[39m
733] [31m  at morphhdl.MorphVerilog$Configured.apply(MorphVerilog.scala:96)[39m
733] [31m  at morphhdl.ParameterizedStreamFifoDepthTests.$anonfun$new$2(ParameterizedStreamFifoDepthTests.scala:60)[39m
733] [31m  at morphhdl.ParameterizedStreamFifoDepthTests.$anonfun$new$2$adapted(ParameterizedStreamFifoDepthTests.scala:52)[39m
733] [31m  at morphhdl.ParameterizedStreamFifoDepthTests.withTemporaryDirectory(ParameterizedStreamFifoDepthTests.scala:323)[39m
733] [31m  at morphhdl.ParameterizedStreamFifoDepthTests.$anonfun$new$1(ParameterizedStreamFifoDepthTests.scala:52)[39m
733] [31m  at scala.runtime.java8.JFunction0$mcV$sp.apply(JFunction0$mcV$sp.scala:18)[39m
733] [31m  at org.scalatest.OutcomeOf.outcomeOf(OutcomeOf.scala:85)[39m
733] [31m  at org.scalatest.OutcomeOf.outcomeOf$(OutcomeOf.scala:83)[39m
733] [31m  at org.scalatest.OutcomeOf$.outcomeOf(OutcomeOf.scala:104)[39m
733] [31m  ...[39m
733] [31m  Cause: spinal.core.SpinalExit: Error detected in phase PhaseCheck_noLatchNoOverride[39m
733] [31m********************************************************************************[39m
733] [31m********************************************************************************[39m
733] 
733] [31mASSIGNMENT OVERLAP: Signal (toplevel/fifo/logic_ptr_full :  Bool) assigned at[39m
733] [31m    at spinal.lib.StreamFifo$$anon$51$$anon$52$$anon$53.$anonfun$area$3(Stream.scala:1582)[39m
733] [31m    at spinal.lib.StreamFifo$$anon$51$$anon$52$$anon$53.$anonfun$area$1(Stream.scala:1581)[39m
733] [31m    at spinal.lib.StreamFifo$$anon$51$$anon$52$$anon$53.<init>(Stream.scala:1576)[39m
733] [31m    at spinal.lib.StreamFifo$$anon$51$$anon$52.<init>(Stream.scala:1574)[39m
733] [31m    at spinal.lib.StreamFifo$$anon$51.<init>(Stream.scala:1565)[39m
733] [31m    at spinal.lib.StreamFifo.$anonfun$logic$3(Stream.scala:1556)[39m
733] [31m    at spinal.lib.StreamFifo.<init>(Stream.scala:1556)[39m
733] [31m    at spinal.lib.StreamFifo$.$anonfun$apply$18(Stream.scala:1476)[39m
733] [31m    at spinal.lib.StreamFifo$.$anonfun$apply$18$adapted(Stream.scala:1476)[39m
733] [31m    at spinal.lib.StreamFifo$.apply(Stream.scala:1476)[39m
733] [31m    at morphhdl.NativeParameterizedStreamFifoHarness.<init>(ParameterizedStreamFifoDepthTests.scala:30)[39m
733] [31m    at morphhdl.ParameterizedStreamFifoDepthTests.component(ParameterizedStreamFifoDepthTests.scala:48)[39m
733] [31m    at morphhdl.ParameterizedStreamFifoDepthTests.$anonfun$new$3(ParameterizedStreamFifoDepthTests.scala:60)[39m
733] [31m    at morphhdl.MorphVerilog$.$anonfun$runSingleSourceNative$1(MorphVerilog.scala:214)[39m
733] [31m    at morphhdl.integration.ExternalSpinalVerilog$.$anonfun$run$3(ExternalSpinalVerilog.scala:210)[39m
733] 
733] 
733] [31mcompletely overlaps the previous assignment made at[39m
733] [31m    at spinal.lib.StreamFifo$$anon$51$$anon$52$$anon$53.$anonfun$area$2(Stream.scala:1578)[39m
733] [31m    at spinal.lib.StreamFifo$$anon$51$$anon$52$$anon$53.$anonfun$area$1(Stream.scala:1581)[39m
733] [31m    at spinal.lib.StreamFifo$$anon$51$$anon$52$$anon$53.<init>(Stream.scala:1576)[39m
733] [31m    at spinal.lib.StreamFifo$$anon$51$$anon$52.<init>(Stream.scala:1574)[39m
733] [31m    at spinal.lib.StreamFifo$$anon$51.<init>(Stream.scala:1565)[39m
733] [31m    at spinal.lib.StreamFifo.$anonfun$logic$3(Stream.scala:1556)[39m
733] [31m    at spinal.lib.StreamFifo.<init>(Stream.scala:1556)[39m
733] [31m    at spinal.lib.StreamFifo$.$anonfun$apply$18(Stream.scala:1476)[39m
733] [31m    at spinal.lib.StreamFifo$.$anonfun$apply$18$adapted(Stream.scala:1476)[39m
733] [31m    at spinal.lib.StreamFifo$.apply(Stream.scala:1476)[39m
733] [31m    at morphhdl.NativeParameterizedStreamFifoHarness.<init>(ParameterizedStreamFifoDepthTests.scala:30)[39m
733] [31m    at morphhdl.ParameterizedStreamFifoDepthTests.component(ParameterizedStreamFifoDepthTests.scala:48)[39m
733] [31m    at morphhdl.ParameterizedStreamFifoDepthTests.$anonfun$new$3(ParameterizedStreamFifoDepthTests.scala:60)[39m
733] [31m    at morphhdl.MorphVerilog$.$anonfun$runSingleSourceNative$1(MorphVerilog.scala:214)[39m
733] [31m    at morphhdl.integration.ExternalSpinalVerilog$.$anonfun$run$3(ExternalSpinalVerilog.scala:210)[39m
733] 
733] 
733] [31m********************************************************************************[39m
733] [31m********************************************************************************[39m
733] 
733] [31mASSIGNMENT OVERLAP: Signal (toplevel/fifo/logic_ptr_empty :  Bool) assigned at[39m
733] [31m    at spinal.lib.StreamFifo$$anon$51$$anon$52$$anon$53.$anonfun$area$3(Stream.scala:1583)[39m
733] [31m    at spinal.lib.StreamFifo$$anon$51$$anon$52$$anon$53.$anonfun$area$1(Stream.scala:1581)[39m
733] [31m    at spinal.lib.StreamFifo$$anon$51$$anon$52$$anon$53.<init>(Stream.scala:1576)[39m
733] [31m    at spinal.lib.StreamFifo$$anon$51$$anon$52.<init>(Stream.scala:1574)[39m
733] [31m    at spinal.lib.StreamFifo$$anon$51.<init>(Stream.scala:1565)[39m
733] [31m    at spinal.lib.StreamFifo.$anonfun$logic$3(Stream.scala:1556)[39m
733] [31m    at spinal.lib.StreamFifo.<init>(Stream.scala:1556)[39m
733] [31m    at spinal.lib.StreamFifo$.$anonfun$apply$18(Stream.scala:1476)[39m
733] [31m    at spinal.lib.StreamFifo$.$anonfun$apply$18$adapted(Stream.scala:1476)[39m
733] [31m    at spinal.lib.StreamFifo$.apply(Stream.scala:1476)[39m
733] [31m    at morphhdl.NativeParameterizedStreamFifoHarness.<init>(ParameterizedStreamFifoDepthTests.scala:30)[39m
733] [31m    at morphhdl.ParameterizedStreamFifoDepthTests.component(ParameterizedStreamFifoDepthTests.scala:48)[39m
733] [31m    at morphhdl.ParameterizedStreamFifoDepthTests.$anonfun$new$3(ParameterizedStreamFifoDepthTests.scala:60)[39m
733] [31m    at morphhdl.MorphVerilog$.$anonfun$runSingleSourceNative$1(MorphVerilog.scala:214)[39m
733] [31m    at morphhdl.integration.ExternalSpinalVerilog$.$anonfun$run$3(ExternalSpinalVerilog.scala:210)[39m
733] 
733] 
733] [31mcompletely overlaps the previous assignment made at[39m
733] [31m    at spinal.lib.StreamFifo$$anon$51$$anon$52$$anon$53.$anonfun$area$2(Stream.scala:1579)[39m
733] [31m    at spinal.lib.StreamFifo$$anon$51$$anon$52$$anon$53.$anonfun$area$1(Stream.scala:1581)[39m
733] [31m    at spinal.lib.StreamFifo$$anon$51$$anon$52$$anon$53.<init>(Stream.scala:1576)[39m
733] [31m    at spinal.lib.StreamFifo$$anon$51$$anon$52.<init>(Stream.scala:1574)[39m
733] [31m    at spinal.lib.StreamFifo$$anon$51.<init>(Stream.scala:1565)[39m
733] [31m    at spinal.lib.StreamFifo.$anonfun$logic$3(Stream.scala:1556)[39m
733] [31m    at spinal.lib.StreamFifo.<init>(Stream.scala:1556)[39m
733] [31m    at spinal.lib.StreamFifo$.$anonfun$apply$18(Stream.scala:1476)[39m
733] [31m    at spinal.lib.StreamFifo$.$anonfun$apply$18$adapted(Stream.scala:1476)[39m
733] [31m    at spinal.lib.StreamFifo$.apply(Stream.scala:1476)[39m
733] [31m    at morphhdl.NativeParameterizedStreamFifoHarness.<init>(ParameterizedStreamFifoDepthTests.scala:30)[39m
733] [31m    at morphhdl.ParameterizedStreamFifoDepthTests.component(ParameterizedStreamFifoDepthTests.scala:48)[39m
733] [31m    at morphhdl.ParameterizedStreamFifoDepthTests.$anonfun$new$3(ParameterizedStreamFifoDepthTests.scala:60)[39m
733] [31m    at morphhdl.MorphVerilog$.$anonfun$runSingleSourceNative$1(MorphVerilog.scala:214)[39m
733] [31m    at morphhdl.integration.ExternalSpinalVerilog$.$anonfun$run$3(ExternalSpinalVerilog.scala:210)[39m
733] 
733] 
733] [31m********************************************************************************[39m
733] [31m********************************************************************************[39m
733] 
733] [31mDesign's errors are listed above.[39m
733] [31mSpinalHDL compiler exit stack :[39m
733] [31m  at spinal.core.SpinalExit$.apply(Misc.scala:459)[39m
733] [31m  at spinal.core.SpinalError$.apply(Misc.scala:514)[39m
733] [31m  at spinal.core.internals.PhaseContext.checkPendingErrors(Phase.scala:178)[39m
733] [31m  at spinal.core.internals.PhaseContext.doPhase(Phase.scala:194)[39m
733] [31m  at spinal.core.internals.SpinalVerilogBoot$.$anonfun$singleShot$8(Phase.scala:3563)[39m
733] [31m  at spinal.core.internals.SpinalVerilogBoot$.$anonfun$singleShot$8$adapted(Phase.scala:3561)[39m
733] [31m  at scala.collection.IterableOnceOps.foreach(IterableOnce.scala:576)[39m
733] [31m  at scala.collection.IterableOnceOps.foreach$(IterableOnce.scala:574)[39m
733] [31m  at scala.collection.AbstractIterable.foreach(Iterable.scala:933)[39m
733] [31m  at spinal.core.internals.SpinalVerilogBoot$.$anonfun$singleShot$7(Phase.scala:3561)[39m
733] [31m  ...[39m
733] [36mRun completed in 1 second, 273 milliseconds.[39m
733] [36mTotal number of tests run: 1[39m
733] [36mSuites: completed 1, aborted 0[39m
733] [36mTests: succeeded 0, failed 1, canceled 0, ignored 0, pending 0[39m
733] [31m*** 1 TEST FAILED ***[39m
733/733, 1 FAILED] mill morph[2.13.12].testOnly morphhdl.ParameterizedStreamFifoDepthTests 142s
733] [error] morph.2_13_12.test.testOnly 1 tests failed: 
  morphhdl.ParameterizedStreamFifoDepthTests one native StreamFifo definition preserves depths 1, 3, 5 and 8
